Component: ARM Compiler 6.15 Tool: armlink [5dd78a00]

==============================================================================

Loading Objects.

Loading object BUILD/NUCLEO_H743ZI2/ARMC6/dependencies/libs/HC_SR04_Ultrasonic_Library/ultrasonic.o.
              definition:  ultrasonic::_startTrig()
              definition:  ultrasonic::_updateDist()
              definition:  ultrasonic::pauseUpdates()
              definition:  ultrasonic::startUpdates()
              definition:  ultrasonic::checkDistance()
              definition:  ultrasonic::attachOnUpdate(void (*)(int))
              definition:  ultrasonic::getUpdateSpeed()
              definition:  ultrasonic::changeUpdateSpeed(float)
              definition:  ultrasonic::getCurrentDistance()
              definition:  ultrasonic::_startT()
              definition:  ultrasonic::isUpdated()
              definition:  ultrasonic::ultrasonic(PinName, PinName, float, float)
              definition:  ultrasonic::ultrasonic(PinName, PinName, float, float, void (*)(int))
              definition:  ultrasonic::ultrasonic__sub_object(PinName, PinName, float, float)
              definition:  ultrasonic::ultrasonic__sub_object(PinName, PinName, float, float, void (*)(int))
              weak defn :  mbed::DigitalOut::write(int)
              weak defn :  mbed::DigitalOut::DigitalOut__sub_object(PinName)
              weak defn :  mbed::DigitalOut::operator=(int)
              reference :  mbed::InterruptIn::enable_irq()
              reference :  mbed::InterruptIn::fall(mbed::Callback<void ()>)
              weak defn :  void mbed::InterruptIn::fall<ultrasonic, void (ultrasonic::*)()>(ultrasonic*, void (ultrasonic::*)())
              reference :  mbed::InterruptIn::rise(mbed::Callback<void ()>)
              weak defn :  void mbed::InterruptIn::rise<ultrasonic, void (ultrasonic::*)()>(ultrasonic*, void (ultrasonic::*)())
              reference :  mbed::InterruptIn::InterruptIn(PinName)
              reference :  mbed::Timer::read()
              reference :  mbed::Timer::reset()
              reference :  mbed::Timer::start()
              reference :  mbed::Timer::read_us()
              reference :  mbed::Timer::Timer()
              weak defn :  void mbed::Ticker::attach<ultrasonic, void (ultrasonic::*)()>(ultrasonic*, void (ultrasonic::*)(), float)
              reference :  mbed::Ticker::detach()
              reference :  mbed::Ticker::attach_us(mbed::Callback<void ()>, unsigned long long)
              reference :  mbed::Ticker::Ticker__sub_object()
              weak defn :  mbed::Timeout::Timeout__sub_object()
              weak defn :  void mbed::Callback<void ()>::function_call<mbed::Callback<void ()>::method_context<ultrasonic, void (ultrasonic::*)()> >(void const*)
              weak defn :  void mbed::Callback<void ()>::function_call<void (*)()>(void const*)
              weak defn :  void mbed::Callback<void ()>::function_dtor<mbed::Callback<void ()>::method_context<ultrasonic, void (ultrasonic::*)()> >(void*)
              weak defn :  void mbed::Callback<void ()>::function_dtor<void (*)()>(void*)
              weak defn :  void mbed::Callback<void ()>::function_move<mbed::Callback<void ()>::method_context<ultrasonic, void (ultrasonic::*)()> >(void*, void const*)
              weak defn :  void mbed::Callback<void ()>::function_move<void (*)()>(void*, void const*)
              weak defn :  mbed::Callback<void ()>::method_context<ultrasonic, void (ultrasonic::*)()>::method_context__sub_object(ultrasonic*, void (ultrasonic::*)())
              weak defn :  void mbed::Callback<void ()>::generate<mbed::Callback<void ()>::method_context<ultrasonic, void (ultrasonic::*)()> >(mbed::Callback<void ()>::method_context<ultrasonic, void (ultrasonic::*)()> const&)
              weak defn :  void mbed::Callback<void ()>::generate<void (*)()>(void (* const&)())
              weak defn :  mbed::Callback<void ()>::Callback__sub_object(void (*)())
              weak defn :  mbed::Callback<void ()>::Callback__sub_object(mbed::Callback<void ()> const&)
              weak defn :  mbed::Callback<void ()>::Callback__sub_object<ultrasonic, ultrasonic>(ultrasonic*, void (ultrasonic::*)())
              weak defn :  mbed::Callback<void ()>::~Callback__sub_object()
              weak defn :  mbed::Callback<void ()> mbed::callback<ultrasonic, ultrasonic, void>(ultrasonic*, void (ultrasonic::*)())
              weak defn :  mbed::Callback<void ()>::method_context<ultrasonic, void (ultrasonic::*)()>::operator()() const
              reference :  vtable for mbed::Timeout
              weak defn :  void mbed::Callback<void ()>::generate<mbed::Callback<void ()>::method_context<ultrasonic, void (ultrasonic::*)()> >(mbed::Callback<void ()>::method_context<ultrasonic, void (ultrasonic::*)()> const&)::ops
              weak defn :  void mbed::Callback<void ()>::generate<void (*)()>(void (* const&)())::ops
              reference :  __aeabi_f2ulz
[...]
    0x08009dea   0x00000006   PAD
    0x08009df0   0x0000000e   Code   RO           72    .text._ZN4mbed8CallbackIFvvEE13function_moveINS2_14method_contextI10ultrasonicMS5_FvvEEEEEvPvPKv  BUILD/NUCLEO_H743ZI2/ARMC6/dependencies/libs/HC_SR04_Ultrasonic_Library/ultrasonic.o
    0x08009dfe   0x00000002   PAD
    0x08009e00   0x00000006   Code   RO           82    .text._ZN4mbed8CallbackIFvvEE13function_moveIPS1_EEvPvPKv  BUILD/NUCLEO_H743ZI2/ARMC6/dependencies/libs/HC_SR04_Ultrasonic_Library/ultrasonic.o
    0x08009e06   0x00000002   PAD
    0x08009e08   0x00000008   Code   RO           68    .text._ZN4mbed8CallbackIFvvEE14method_contextI10ultrasonicMS4_FvvEEC2EPS4_S6_  BUILD/NUCLEO_H743ZI2/ARMC6/dependencies/libs/HC_SR04_Ultrasonic_Library/ultrasonic.o
    0x08009e10   0x0000001c   Code   RO           66    .text._ZN4mbed8CallbackIFvvEE8generateINS2_14method_contextI10ultrasonicMS5_FvvEEEEEvRKT_  BUILD/NUCLEO_H743ZI2/ARMC6/dependencies/libs/HC_SR04_Ultrasonic_Library/ultrasonic.o
    0x08009e2c   0x00000004   PAD
    0x08009e30   0x0000001a   Code   RO           78    .text._ZN4mbed8CallbackIFvvEE8generateIPS1_EEvRKT_  BUILD/NUCLEO_H743ZI2/ARMC6/dependencies/libs/HC_SR04_Ultrasonic_Library/ultrasonic.o
    0x08009e4a   0x00000006   PAD
    0x08009e50   0x00000024   Code   RO           54    .text._ZN4mbed8CallbackIFvvEEC2EPS1_  BUILD/NUCLEO_H743ZI2/ARMC6/dependencies/libs/HC_SR04_Ultrasonic_Library/ultrasonic.o
    0x08009e74   0x00000004   PAD
    0x08009e78   0x00000024   Code   RO           62    .text._ZN4mbed8CallbackIFvvEEC2ERKS2_  BUILD/NUCLEO_H743ZI2/ARMC6/dependencies/libs/HC_SR04_Ultrasonic_Library/ultrasonic.o
    0x08009e9c   0x00000004   PAD
    0x08009ea0   0x0000001c   Code   RO           64    .text._ZN4mbed8CallbackIFvvEEC2I10ultrasonicS4_EEPT0_MT_FvvE  BUILD/NUCLEO_H743ZI2/ARMC6/dependencies/libs/HC_SR04_Ultrasonic_Library/ultrasonic.o
    0x08009ebc   0x00000004   PAD
    0x08009ec0   0x00000012   Code   RO           56    .text._ZN4mbed8CallbackIFvvEED2Ev  BUILD/NUCLEO_H743ZI2/ARMC6/dependencies/libs/HC_SR04_Ultrasonic_Library/ultrasonic.o
    0x08009ed2   0x00000006   PAD
    0x08009ed8   0x0000001a   Code   RO         1508    .text._ZN4mbed8CallbackIFvvEEaSERKS2_  BUILD/NUCLEO_H743ZI2/ARMC6/mbed-os/drivers/source/CAN.o
    0x08009ef2   0x00000006   PAD
    0x08009ef8   0x00000004   Code   RO         3543    .text._ZN4mbed8FileBase11getPathTypeEv  BUILD/NUCLEO_H743ZI2/ARMC6/mbed-os/platform/source/FileBase.o
    0x08009efc   0x00000004   PAD
    0x08009f00   0x000000a4   Code   RO         3549    .text._ZN4mbed8FileBase6lookupEPKcj  BUILD/NUCLEO_H743ZI2/ARMC6/mbed-os/platform/source/FileBase.o
    0x08009fa4   0x00000004   PAD
    0x08009fa8   0x00000052   Code   RO         3539    .text._ZN4mbed8FileBaseC2EPKcNS_8PathTypeE  BUILD/NUCLEO_H743ZI2/ARMC6/mbed-os/platform/source/FileBase.o
    0x08009ffa   0x00000006   PAD
    0x0800a000   0x0000000c   Code   RO         3545    .text._ZN4mbed8FileBaseD0Ev  BUILD/NUCLEO_H743ZI2/ARMC6/mbed-os/platform/source/FileBase.o
    0x0800a00c   0x00000004   PAD
    0x0800a010   0x0000007e   Code   RO         3541    .text._ZN4mbed8FileBaseD2Ev  BUILD/NUCLEO_H743ZI2/ARMC6/mbed-os/platform/source/FileBase.o
    0x0800a08e   0x00000002   PAD
    0x0800a090   0x0000002a   Code   RO         3687    .text._ZN4mbed8FileLikeC2EPKc  BUILD/NUCLEO_H743ZI2/ARMC6/mbed-os/platform/source/Stream.o
    0x0800a0ba   0x00000006   PAD
    0x0800a0c0   0x00000002   Code   RO         3691    .text._ZN4mbed8FileLikeD0Ev  BUILD/NUCLEO_H743ZI2/ARMC6/mbed-os/platform/source/Stream.o
    0x0800a0c2   0x00000006   PAD
    0x0800a0c8   0x00000012   Code   RO         3689    .text._ZN4mbed8FileLikeD2Ev  BUILD/NUCLEO_H743ZI2/ARMC6/mbed-os/platform/source/Stream.o
    0x0800a0da   0x00000006   PAD
    0x0800a0e0   0x00000018   Code   RO         3590    .text._ZN4mbed8FilePath10fileSystemEv  BUILD/NUCLEO_H743ZI2/ARMC6/mbed-os/platform/source/FilePath.o
    0x0800a0f8   0x00000018   Code   RO         3588    .text._ZN4mbed8FilePath12isFileSystemEv  BUILD/NUCLEO_H743ZI2/ARMC6/mbed-os/platform/source/FilePath.o
    0x0800a110   0x00000018   Code   RO         3594    .text._ZN4mbed8FilePath4fileEv  BUILD/NUCLEO_H743ZI2/ARMC6/mbed-os/platform/source/FilePath.o
    0x0800a128   0x0000000a   Code   RO         3596    .text._ZN4mbed8FilePath6existsEv  BUILD/NUCLEO_H743ZI2/ARMC6/mbed-os/platform/source/FilePath.o
    0x0800a132   0x00000006   PAD
    0x0800a138   0x00000016   Code   RO         3592    .text._ZN4mbed8FilePath6isFileEv  BUILD/NUCLEO_H743ZI2/ARMC6/mbed-os/platform/source/FilePath.o
    0x0800a14e   0x00000002   PAD
    0x0800a150   0x00000004   Code   RO         3586    .text._ZN4mbed8FilePath8fileNameEv  BUILD/NUCLEO_H743ZI2/ARMC6/mbed-os/platform/source/FilePath.o
    0x0800a154   0x00000004   PAD
    0x0800a158   0x00000088   Code   RO         3584    .text._ZN4mbed8FilePathC2EPKc  BUILD/NUCLEO_H743ZI2/ARMC6/mbed-os/platform/source/FilePath.o
    0x0800a1e0   0x00000008   Code   RO           60    .text._ZN4mbed8callbackI10ultrasonicS1_vJEEENS_8CallbackIFT1_DpT2_EEEPT0_MT_FS3_S5_E  BUILD/NUCLEO_H743ZI2/ARMC6/dependencies/libs/HC_SR04_Ultrasonic_Library/ultrasonic.o
    0x0800a1e8   0x0000002a   Code   RO         4181    .text._ZN4mbed8internal13init_os_timerEv  BUILD/NUCLEO_H743ZI2/ARMC6/mbed-os/platform/source/mbed_os_timer.o
    0x0800a212   0x00000006   PAD
    0x0800a218   0x00000056   Code   RO         4202    .text._ZN4mbed8internal18do_sleep_operationINS0_18timed_predicate_opEEEvRT_  BUILD/NUCLEO_H743ZI2/ARMC6/mbed-os/platform/source/mbed_os_timer.o
    0x0800a26e   0x00000002   PAD
    0x0800a270   0x00000020   Code   RO         4212    .text._ZN4mbed8internal18timed_predicate_op13sleep_prepareEv  BUILD/NUCLEO_H743ZI2/ARMC6/mbed-os/platform/source/mbed_os_timer.o
    0x0800a290   0x00000020   Code   RO         4214    .text._ZN4mbed8internal18timed_predicate_op14sleep_preparedEv  BUILD/NUCLEO_H743ZI2/ARMC6/mbed-os/platform/source/mbed_os_timer.o
    0x0800a2b0   0x00000018   Code   RO         4200    .text._ZN4mbed8internal18timed_predicate_opC2EyPFbPvES2_  BUILD/NUCLEO_H743ZI2/ARMC6/mbed-os/platform/source/mbed_os_timer.o
    0x0800a2c8   0x00000016   Code   RO         4204    .text._ZN4mbed8internal18timed_predicate_opD2Ev  BUILD/NUCLEO_H743ZI2/ARMC6/mbed-os/platform/source/mbed_os_timer.o
    0x0800a2de   0x00000002   PAD
    0x0800a2e0   0x0000004a   Code   RO         4187    .text._ZN4mbed8internal34do_timed_sleep_relative_or_foreverEjPFbPvES1_  BUILD/NUCLEO_H743ZI2/ARMC6/mbed-os/platform/source/mbed_os_timer.o
    0x0800a32a   0x00000006   PAD
    0x0800a330   0x00000014   Code   RO         3715    .text._ZN4mbed8internal8SysTimerILj1000ELb1EE11cancel_tickEv  BUILD/NUCLEO_H743ZI2/ARMC6/mbed-os/platform/source/SysTimer.o
    0x0800a344   0x00000004   PAD
    0x0800a348   0x00000042   Code   RO         3717    .text._ZN4mbed8internal8SysTimerILj1000ELb1EE11cancel_wakeEv  BUILD/NUCLEO_H743ZI2/ARMC6/mbed-os/platform/source/SysTimer.o
    0x0800a38a   0x00000006   PAD
    0x0800a390   0x000000da   Code   RO         3721    .text._ZN4mbed8internal8SysTimerILj1000ELb1EE13set_wake_timeEy  BUILD/NUCLEO_H743ZI2/ARMC6/mbed-os/platform/source/SysTimer.o
    0x0800a46a   0x00000006   PAD
    0x0800a470   0x00000014   Code   RO         3733    .text._ZN4mbed8internal8SysTimerILj1000ELb1EE14_schedule_tickEv  BUILD/NUCLEO_H743ZI2/ARMC6/mbed-os/platform/source/SysTimer.o
    0x0800a484   0x00000004   PAD
    0x0800a488   0x00000026   Code   RO         3755    .text._ZN4mbed8internal8SysTimerILj1000ELb1EE15_increment_tickEv  BUILD/NUCLEO_H743ZI2/ARMC6/mbed-os/platform/source/SysTimer.o
    0x0800a4ae   0x00000002   PAD
    0x0800a4b0   0x00000010   Code   RO         3731    .text._ZN4mbed8internal8SysTimerILj1000ELb1EE16_set_irq_pendingEv  BUILD/NUCLEO_H743ZI2/ARMC6/mbed-os/platform/source/SysTimer.o
    0x0800a4c0   0x00000010   Code   RO         3739    .text._ZN4mbed8internal8SysTimerILj1000ELb1EE18_clear_irq_pendingEv  BUILD/NUCLEO_H743ZI2/ARMC6/mbed-os/platform/source/SysTimer.o
    0x0800a4d0   0x0000005e   Code   RO         3723    .text._ZN4mbed8internal8SysTimerILj1000ELb1EE19update_and_get_tickEv  BUILD/NUCLEO_H743ZI2/ARMC6/mbed-os/platform/source/SysTimer.o
    0x0800a52e   0x00000002   PAD
    0x0800a530   0x0000004a   Code   RO         3753    .text._ZN4mbed8internal8SysTimerILj1000ELb1EE7handlerEv  BUILD/NUCLEO_H743ZI2/ARMC6/mbed-os/platform/source/SysTimer.o
    0x0800a57a   0x00000006   PAD
    0x0800a580   0x0000002c   Code   RO         3709    .text._ZN4mbed8internal8SysTimerILj1000ELb1EEC2EPK13ticker_data_t  BUILD/NUCLEO_H743ZI2/ARMC6/mbed-os/platform/source/SysTimer.o
    0x0800a5ac   0x00000004   PAD
    0x0800a5b0   0x0000000c   Code   RO         3713    .text._ZN4mbed8internal8SysTimerILj1000ELb1EED0Ev  BUILD/NUCLEO_H743ZI2/ARMC6/mbed-os/platform/source/SysTimer.o
    0x0800a5bc   0x00000004   PAD
    0x0800a5c0   0x00000024   Code   RO         3711    .text._ZN4mbed8internal8SysTimerILj1000ELb1EED2Ev  BUILD/NUCLEO_H743ZI2/ARMC6/mbed-os/platform/source/SysTimer.o
    0x0800a5e4   0x00000004   PAD
    0x0800a5e8   0x0000002c   Code   RO         1682    .text._ZN6CThunkIN4mbed3I2CEE10trampolineEP10CThunkBase  BUILD/NUCLEO_H743ZI2/ARMC6/mbed-os/drivers/source/I2C.o
    0x0800a614   0x00000004   PAD
    0x0800a618   0x0000001c   Code   RO         1680    .text._ZN6CThunkIN4mbed3I2CEE4initEPS1_MS1_FvPvES4_  BUILD/NUCLEO_H743ZI2/ARMC6/mbed-os/drivers/source/I2C.o
    0x0800a634   0x00000004   PAD
    0x0800a638   0x0000001a   Code   RO         1654    .text._ZN6CThunkIN4mbed3I2CEEC2EPS1_  BUILD/NUCLEO_H743ZI2/ARMC6/mbed-os/drivers/source/I2C.o
    0x0800a652   0x00000006   PAD
    0x0800a658   0x00000014   Code   RO         1676    .text._ZN6CThunkIN4mbed3I2CEED2Ev  BUILD/NUCLEO_H743ZI2/ARMC6/mbed-os/drivers/source/I2C.o
    0x0800a66c   0x00000004   PAD
    0x0800a670   0x00000048   Code   RO          652    .text._ZN6SH110611copy_to_lcdEv  BUILD/NUCLEO_H743ZI2/ARMC6/dependencies/libs/UniGraphic/Inits/SH1106.o
    0x0800a6b8   0x00000016   Code   RO          658    .text._ZN6SH110612set_contrastEi  BUILD/NUCLEO_H743ZI2/ARMC6/dependencies/libs/UniGraphic/Inits/SH1106.o
    0x0800a6ce   0x00000002   PAD
    0x0800a6d0   0x0000002e   Code   RO          654    .text._ZN6SH11063clsEv  BUILD/NUCLEO_H743ZI2/ARMC6/dependencies/libs/UniGraphic/Inits/SH1106.o
    0x0800a6fe   0x00000002   PAD
    0x0800a700   0x000000bc   Code   RO          646    .text._ZN6SH11064initEv  BUILD/NUCLEO_H743ZI2/ARMC6/dependencies/libs/UniGraphic/Inits/SH1106.o
    0x0800a7bc   0x00000004   PAD
    0x0800a7c0   0x00000036   Code   RO          660    .text._ZN6SH11065pixelEiit  BUILD/NUCLEO_H743ZI2/ARMC6/dependencies/libs/UniGraphic/Inits/SH1106.o
    0x0800a7f6   0x00000002   PAD
    0x0800a7f8   0x0000002c   Code   RO          656    .text._ZN6SH11068mirrorXYE8mirror_t  BUILD/NUCLEO_H743ZI2/ARMC6/dependencies/libs/UniGraphic/Inits/SH1106.o
    0x0800a824   0x00000004   PAD
    0x0800a828   0x0000002c   Code   RO          662    .text._ZN6SH11069pixelreadEii  BUILD/NUCLEO_H743ZI2/ARMC6/dependencies/libs/UniGraphic/Inits/SH1106.o
    0x0800a854   0x00000004   PAD
    0x0800a858   0x00000076   Code   RO          650    .text._ZN6SH1106C2E7proto_tii7PinNameS1_S1_PKcjj  BUILD/NUCLEO_H743ZI2/ARMC6/dependencies/libs/UniGraphic/Inits/SH1106.o
    0x0800a8ce   0x00000002   PAD
    0x0800a8d0   0x0000000c   Code   RO          672    .text._ZN6SH1106D0Ev  BUILD/NUCLEO_H743ZI2/ARMC6/dependencies/libs/UniGraphic/Inits/SH1106.o
    0x0800a8dc   0x00000004   PAD
    0x0800a8e0   0x00000002   Code   RO          952    .text._ZN7I2C_bus10reg_selectEhb  BUILD/NUCLEO_H743ZI2/ARMC6/dependencies/libs/UniGraphic/Protocols/I2C_bus.o
    0x0800a8e2   0x00000006   PAD
    0x0800a8e8   0x00000048   Code   RO          946    .text._ZN7I2C_bus10wr_grambufEPtj  BUILD/NUCLEO_H743ZI2/ARMC6/dependencies/libs/UniGraphic/Protocols/I2C_bus.o
    0x0800a930   0x00000004   Code   RO          954    .text._ZN7I2C_bus13rd_reg_data32Eh  BUILD/NUCLEO_H743ZI2/ARMC6/dependencies/libs/UniGraphic/Protocols/I2C_bus.o
    0x0800a934   0x00000004   PAD
    0x0800a938   0x00000004   Code   RO          956    .text._ZN7I2C_bus17rd_extcreg_data32Ehh  BUILD/NUCLEO_H743ZI2/ARMC6/dependencies/libs/UniGraphic/Protocols/I2C_bus.o
    0x0800a93c   0x00000004   PAD
    0x0800a940   0x00000004   Code   RO          960    .text._ZN7I2C_bus7rd_gramEb  BUILD/NUCLEO_H743ZI2/ARMC6/dependencies/libs/UniGraphic/Protocols/I2C_bus.o
    0x0800a944   0x00000004   PAD
    0x0800a948   0x0000002c   Code   RO          934    .text._ZN7I2C_bus7wr_cmd8Eh  BUILD/NUCLEO_H743ZI2/ARMC6/dependencies/libs/UniGraphic/Protocols/I2C_bus.o
    0x0800a974   0x00000004   PAD
    0x0800a978   0x00000018   Code   RO          942    .text._ZN7I2C_bus7wr_gramEt  BUILD/NUCLEO_H743ZI2/ARMC6/dependencies/libs/UniGraphic/Protocols/I2C_bus.o
    0x0800a990   0x0000006a   Code   RO          944    .text._ZN7I2C_bus7wr_gramEtj  BUILD/NUCLEO_H743ZI2/ARMC6/dependencies/libs/UniGraphic/Protocols/I2C_bus.o
    0x0800a9fa   0x00000006   PAD
    0x0800aa00   0x0000002a   Code   RO          948    .text._ZN7I2C_bus8hw_resetEv  BUILD/NUCLEO_H743ZI2/ARMC6/dependencies/libs/UniGraphic/Protocols/I2C_bus.o
    0x0800aa2a   0x00000006   PAD
    0x0800aa30   0x00000004   Code   RO          962    .text._ZN7I2C_bus8reg_readEh  BUILD/NUCLEO_H743ZI2/ARMC6/dependencies/libs/UniGraphic/Protocols/I2C_bus.o
    0x0800aa34   0x00000004   PAD
    0x0800aa38   0x00000032   Code   RO          938    .text._ZN7I2C_bus8wr_cmd16Et  BUILD/NUCLEO_H743ZI2/ARMC6/dependencies/libs/UniGraphic/Protocols/I2C_bus.o
    0x0800aa6a   0x00000006   PAD
    0x0800aa70   0x0000002a   Code   RO          936    .text._ZN7I2C_bus8wr_data8Eh  BUILD/NUCLEO_H743ZI2/ARMC6/dependencies/libs/UniGraphic/Protocols/I2C_bus.o
    0x0800aa9a   0x00000006   PAD
    0x0800aaa0   0x00000002   Code   RO          950    .text._ZN7I2C_bus9BusEnableEb  BUILD/NUCLEO_H743ZI2/ARMC6/dependencies/libs/UniGraphic/Protocols/I2C_bus.o
    0x0800aaa2   0x00000006   PAD
    0x0800aaa8   0x00000002   Code   RO          958    .text._ZN7I2C_bus9dummyreadEv  BUILD/NUCLEO_H743ZI2/ARMC6/dependencies/libs/UniGraphic/Protocols/I2C_bus.o
    0x0800aaaa   0x00000006   PAD
    0x0800aab0   0x00000002   Code   RO          964    .text._ZN7I2C_bus9reg_writeEht  BUILD/NUCLEO_H743ZI2/ARMC6/dependencies/libs/UniGraphic/Protocols/I2C_bus.o
    0x0800aab2   0x00000006   PAD
    0x0800aab8   0x00000018   Code   RO          940    .text._ZN7I2C_bus9wr_data16Et  BUILD/NUCLEO_H743ZI2/ARMC6/dependencies/libs/UniGraphic/Protocols/I2C_bus.o
    0x0800aad0   0x0000005a   Code   RO          932    .text._ZN7I2C_busC2Eii7PinNameS0_S0_  BUILD/NUCLEO_H743ZI2/ARMC6/dependencies/libs/UniGraphic/Protocols/I2C_bus.o
    0x0800ab2a   0x00000006   PAD
    0x0800ab30   0x0000000e   Code   RO          883    .text._ZN9ProtocolsC2Ev  BUILD/NUCLEO_H743ZI2/ARMC6/dependencies/libs/UniGraphic/Protocols/BUS16.o
    0x0800ab3e   0x00000002   PAD
    0x0800ab40   0x0000003e   Code   RO         4270    .text._ZNK12DirectSerial4pollEs  BUILD/NUCLEO_H743ZI2/ARMC6/mbed-os/platform/source/mbed_retarget.o
    0x0800ab7e   0x00000002   PAD
    0x0800ab80   0x00000040   Code   RO         2130    .text._ZNK12SingletonPtrI13PlatformMutexE3getEv  BUILD/NUCLEO_H743ZI2/ARMC6/mbed-os/drivers/source/SPI.o
    0x0800abc0   0x00000008   Code   RO         1306    .text._ZNK12SingletonPtrI13PlatformMutexEptEv  BUILD/NUCLEO_H743ZI2/ARMC6/mbed-os/drivers/source/AnalogIn.o
    0x0800abc8   0x00000004   Code   RO          167    .text._ZNK4mbed10FileHandle11is_blockingEv  BUILD/NUCLEO_H743ZI2/ARMC6/dependencies/libs/UniGraphic/Display/LCD.o
    0x0800abcc   0x00000004   PAD
    0x0800abd0   0x00000004   Code   RO          173    .text._ZNK4mbed10FileHandle4pollEs  BUILD/NUCLEO_H743ZI2/ARMC6/dependencies/libs/UniGraphic/Display/LCD.o
    0x0800abd4   0x00000004   PAD
    0x0800abd8   0x00000018   Code   RO           76    .text._ZNK4mbed8CallbackIFvvEE14method_contextI10ultrasonicMS4_FvvEEclEv  BUILD/NUCLEO_H743ZI2/ARMC6/dependencies/libs/HC_SR04_Ultrasonic_Library/ultrasonic.o
    0x0800abf0   0x00000040   Code   RO         1510    .text._ZNK4mbed8CallbackIFvvEE4callEv  BUILD/NUCLEO_H743ZI2/ARMC6/mbed-os/drivers/source/CAN.o
    0x0800ac30   0x00000008   Code   RO         1760    .text._ZNK4mbed8CallbackIFvvEEclEv  BUILD/NUCLEO_H743ZI2/ARMC6/mbed-os/drivers/source/InterruptIn.o
    0x0800ac38   0x0000000a   Code   RO         1506    .text._ZNK4mbed8CallbackIFvvEEcvbEv  BUILD/NUCLEO_H743ZI2/ARMC6/mbed-os/drivers/source/CAN.o
    0x0800ac42   0x00000006   PAD
    0x0800ac48   0x00000020   Code   RO         4210    .text._ZNK4mbed8internal18timed_predicate_op14wake_conditionEv  BUILD/NUCLEO_H743ZI2/ARMC6/mbed-os/platform/source/mbed_os_timer.o
    0x0800ac68   0x00000006   Code   RO         3727    .text._ZNK4mbed8internal8SysTimerILj1000ELb1EE13wake_time_setEv  BUILD/NUCLEO_H743ZI2/ARMC6/mbed-os/platform/source/SysTimer.o
    0x0800ac6e   0x00000002   PAD
    0x0800ac70   0x00000052   Code   RO         3747    .text._ZNK4mbed8internal8SysTimerILj1000ELb1EE14_elapsed_ticksEv  BUILD/NUCLEO_H743ZI2/ARMC6/mbed-os/platform/source/SysTimer.o
    0x0800acc2   0x00000006   PAD
    0x0800acc8   0x00000006   Code   RO         3725    .text._ZNK4mbed8internal8SysTimerILj1000ELb1EE16wake_time_passedEv  BUILD/NUCLEO_H743ZI2/ARMC6/mbed-os/platform/source/SysTimer.o
    0x0800acce   0x00000002   PAD
    0x0800acd0   0x00000008   Code   RO         1228    .text._ZNSt3__111char_traitsIcE6lengthEPKc  BUILD/NUCLEO_H743ZI2/ARMC6/dependencies/modules/serial_com/serial_com.o
    0x0800acd8   0x00000022   Code   RO        12246    .text._ZNSt3__112_GLOBAL__N_112throw_helperISt12out_of_rangeEEvRKNS_12basic_stringIcNS_11char_traitsIcEENS_9allocatorIcEEEE  /Library/Application Support/Mbed Studio/mbed-studio-tools/ac6/bin/../lib/libcxx/libcpp_w.l(string.cpp.o)
    0x0800acfa   0x00000022   Code   RO        12244    .text._ZNSt3__112_GLOBAL__N_112throw_helperISt16invalid_argumentEEvRKNS_12basic_stringIcNS_11char_traitsIcEENS_9allocatorIcEEEE  /Library/Application Support/Mbed Studio/mbed-studio-tools/ac6/bin/../lib/libcxx/libcpp_w.l(string.cpp.o)
    0x0800ad1c   0x00000084   Code   RO        12242    .text._ZNSt3__112_GLOBAL__N_129throw_from_string_invalid_argERKNS_12basic_stringIcNS_11char_traitsIcEENS_9allocatorIcEEEE  /Library/Application Support/Mbed Studio/mbed-studio-tools/ac6/bin/../lib/libcxx/libcpp_w.l(string.cpp.o)
    0x0800ada0   0x00000084   Code   RO        12240    .text._ZNSt3__112_GLOBAL__N_130throw_from_string_out_of_rangeERKNS_12basic_stringIcNS_11char_traitsIcEENS_9allocatorIcEEEE  /Library/Application Support/Mbed Studio/mbed-studio-tools/ac6/bin/../lib/libcxx/libcpp_w.l(string.cpp.o)
    0x0800ae24   0x000000c0   Code   RO        12257    .text._ZNSt3__112basic_stringIcNS_11char_traitsIcEENS_9allocatorIcEEE21__grow_by_and_replaceEjjjjjjPKc  /Library/Application Support/Mbed Studio/mbed-studio-tools/ac6/bin/../lib/libcxx/libcpp_w.l(string.cpp.o)
    0x0800aee4   0x0000004c   Code   RO        12283    .text._ZNSt3__112basic_stringIcNS_11char_traitsIcEENS_9allocatorIcEEE6__initEPKcj  /Library/Application Support/Mbed Studio/mbed-studio-tools/ac6/bin/../lib/libcxx/libcpp_w.l(string.cpp.o)
    0x0800af30   0x00000070   Code   RO        12299    .text._ZNSt3__112basic_stringIcNS_11char_traitsIcEENS_9allocatorIcEEE6appendEPKcj  /Library/Application Support/Mbed Studio/mbed-studio-tools/ac6/bin/../lib/libcxx/libcpp_w.l(string.cpp.o)
    0x0800afa0   0x0000001a   Code   RO         1218    .text._ZNSt3__112basic_stringIcNS_11char_traitsIcEENS_9allocatorIcEEED2Ev  BUILD/NUCLEO_H743ZI2/ARMC6/dependencies/modules/serial_com/serial_com.o
    0x0800afba   0x00000006   PAD
    0x0800afc0   0x00000008   Code   RO         1222    .text._ZNSt3__117_DeallocateCaller27__do_deallocate_handle_sizeEPvj  BUILD/NUCLEO_H743ZI2/ARMC6/dependencies/modules/serial_com/serial_com.o
    0x0800afc8   0x00000008   Code   RO         1224    .text._ZNSt3__117_DeallocateCaller9__do_callEPv  BUILD/NUCLEO_H743ZI2/ARMC6/dependencies/modules/serial_com/serial_com.o
    0x0800afd0   0x0000006a   Code   RO        12190    .text._ZNSt3__14stofERKNS_12basic_stringIcNS_11char_traitsIcEENS_9allocatorIcEEEEPj  /Library/Application Support/Mbed Studio/mbed-studio-tools/ac6/bin/../lib/libcxx/libcpp_w.l(string.cpp.o)
    0x0800b03a   0x00000006   PAD
    0x0800b040   0x00000006   Code   RO         2181    .text._ZThn124_N4mbed6Serial4lockEv  BUILD/NUCLEO_H743ZI2/ARMC6/mbed-os/drivers/source/Serial.o
    0x0800b046   0x00000002   PAD
    0x0800b048   0x00000006   Code   RO         2173    .text._ZThn124_N4mbed6Serial5_getcEv  BUILD/NUCLEO_H743ZI2/ARMC6/mbed-os/drivers/source/Serial.o
    0x0800b04e   0x00000002   PAD
    0x0800b050   0x00000006   Code   RO         2177    .text._ZThn124_N4mbed6Serial5_putcEi  BUILD/NUCLEO_H743ZI2/ARMC6/mbed-os/drivers/source/Serial.o
    0x0800b056   0x00000002   PAD
    0x0800b058   0x00000006   Code   RO         2185    .text._ZThn124_N4mbed6Serial6unlockEv  BUILD/NUCLEO_H743ZI2/ARMC6/mbed-os/drivers/source/Serial.o
    0x0800b05e   0x00000002   PAD
    0x0800b060   0x00000006   Code   RO         2199    .text._ZThn124_N4mbed6SerialD0Ev  BUILD/NUCLEO_H743ZI2/ARMC6/mbed-os/drivers/source/Serial.o
    0x0800b066   0x00000002   PAD
    0x0800b068   0x00000006   Code   RO         2197    .text._ZThn124_N4mbed6SerialD1Ev  BUILD/NUCLEO_H743ZI2/ARMC6/mbed-os/drivers/source/Serial.o
    0x0800b06e   0x00000002   PAD
    0x0800b070   0x00000006   Code   RO         2203    .text._ZThn128_N4mbed6SerialD0Ev  BUILD/NUCLEO_H743ZI2/ARMC6/mbed-os/drivers/source/Serial.o
    0x0800b076   0x00000002   PAD
    0x0800b078   0x00000006   Code   RO         2201    .text._ZThn128_N4mbed6SerialD1Ev  BUILD/NUCLEO_H743ZI2/ARMC6/mbed-os/drivers/source/Serial.o
    0x0800b07e   0x00000002   PAD
    0x0800b080   0x00000006   Code   RO          442    .text._ZThn4_N11TextDisplayD0Ev  BUILD/NUCLEO_H743ZI2/ARMC6/dependencies/libs/UniGraphic/Graphics/TextDisplay.o
    0x0800b086   0x00000002   PAD
    0x0800b088   0x00000006   Code   RO          440    .text._ZThn4_N11TextDisplayD1Ev  BUILD/NUCLEO_H743ZI2/ARMC6/dependencies/libs/UniGraphic/Graphics/TextDisplay.o
    0x0800b08e   0x00000002   PAD
    0x0800b090   0x00000006   Code   RO          410    .text._ZThn4_N15GraphicsDisplayD0Ev  BUILD/NUCLEO_H743ZI2/ARMC6/dependencies/libs/UniGraphic/Graphics/GraphicsDisplay.o
    0x0800b096   0x00000002   PAD
    0x0800b098   0x00000006   Code   RO          408    .text._ZThn4_N15GraphicsDisplayD1Ev  BUILD/NUCLEO_H743ZI2/ARMC6/dependencies/libs/UniGraphic/Graphics/GraphicsDisplay.o
    0x0800b09e   0x00000002   PAD
    0x0800b0a0   0x00000006   Code   RO          105    .text._ZThn4_N3LCDD0Ev  BUILD/NUCLEO_H743ZI2/ARMC6/dependencies/libs/UniGraphic/Display/LCD.o
    0x0800b0a6   0x00000002   PAD
    0x0800b0a8   0x00000006   Code   RO          101    .text._ZThn4_N3LCDD1Ev  BUILD/NUCLEO_H743ZI2/ARMC6/dependencies/libs/UniGraphic/Display/LCD.o
    0x0800b0ae   0x00000002   PAD
    0x0800b0b0   0x00000004   Code   RO         3643    .text._ZThn4_N4mbed6StreamD0Ev  BUILD/NUCLEO_H743ZI2/ARMC6/mbed-os/platform/source/Stream.o
    0x0800b0b4   0x00000004   PAD
    0x0800b0b8   0x00000006   Code   RO         3639    .text._ZThn4_N4mbed6StreamD1Ev  BUILD/NUCLEO_H743ZI2/ARMC6/mbed-os/platform/source/Stream.o
    0x0800b0be   0x00000002   PAD
    0x0800b0c0   0x00000006   Code   RO         3695    .text._ZThn4_N4mbed8FileLikeD0Ev  BUILD/NUCLEO_H743ZI2/ARMC6/mbed-os/platform/source/Stream.o
    0x0800b0c6   0x00000002   PAD
    0x0800b0c8   0x00000006   Code   RO         3693    .text._ZThn4_N4mbed8FileLikeD1Ev  BUILD/NUCLEO_H743ZI2/ARMC6/mbed-os/platform/source/Stream.o
    0x0800b0ce   0x00000002   PAD
    0x0800b0d0   0x00000006   Code   RO          676    .text._ZThn4_N6SH1106D0Ev  BUILD/NUCLEO_H743ZI2/ARMC6/dependencies/libs/UniGraphic/Inits/SH1106.o
    0x0800b0d6   0x00000002   PAD
    0x0800b0d8   0x00000006   Code   RO          674    .text._ZThn4_N6SH1106D1Ev  BUILD/NUCLEO_H743ZI2/ARMC6/dependencies/libs/UniGraphic/Inits/SH1106.o
    0x0800b0de   0x00000002   PAD
    0x0800b0e0   0x00000008   Code   RO         4414    .text._ZdlPv        BUILD/NUCLEO_H743ZI2/ARMC6/mbed-os/platform/source/mbed_retarget.o
    0x0800b0e8   0x00000048   Code   RO         4408    .text._Znaj         BUILD/NUCLEO_H743ZI2/ARMC6/mbed-os/platform/source/mbed_retarget.o
    0x0800b130   0x00000048   Code   RO         4406    .text._Znwj         BUILD/NUCLEO_H743ZI2/ARMC6/mbed-os/platform/source/mbed_retarget.o
    0x0800b178   0x00000020   Code   RO        11344    .text.__NVIC_ClearPendingIRQ  BUILD/NUCLEO_H743ZI2/ARMC6/mbed-os/targets/TARGET_STM/gpio_irq_api.o
    0x0800b198   0x00000010   Code   RO        11504    .text.__NVIC_ClearPendingIRQ  BUILD/NUCLEO_H743ZI2/ARMC6/mbed-os/targets/TARGET_STM/lp_ticker.o
    0x0800b1a8   0x00000028   Code   RO         5165    .text.__NVIC_DisableIRQ  BUILD/NUCLEO_H743ZI2/ARMC6/mbed-os/targets/TARGET_STM/TARGET_STM32H7/device/stm32h7xx_hal_cortex.o
    0x0800b1d0   0x00000024   Code   RO        11149    .text.__NVIC_DisableIRQ  BUILD/NUCLEO_H743ZI2/ARMC6/mbed-os/targets/TARGET_STM/TARGET_STM32H7/serial_device.o
    0x0800b1f4   0x00000004   PAD
    0x0800b1f8   0x00000028   Code   RO        11342    .text.__NVIC_DisableIRQ  BUILD/NUCLEO_H743ZI2/ARMC6/mbed-os/targets/TARGET_STM/gpio_irq_api.o
    0x0800b220   0x00000018   Code   RO        11502    .text.__NVIC_DisableIRQ  BUILD/NUCLEO_H743ZI2/ARMC6/mbed-os/targets/TARGET_STM/lp_ticker.o
    0x0800b238   0x0000001c   Code   RO        11147    .text.__NVIC_EnableIRQ  BUILD/NUCLEO_H743ZI2/ARMC6/mbed-os/targets/TARGET_STM/TARGET_STM32H7/serial_device.o
    0x0800b254   0x00000004   PAD
    0x0800b258   0x00000020   Code   RO        11338    .text.__NVIC_EnableIRQ  BUILD/NUCLEO_H743ZI2/ARMC6/mbed-os/targets/TARGET_STM/gpio_irq_api.o
    0x0800b278   0x00000020   Code   RO        11384    .text.__NVIC_EnableIRQ  BUILD/NUCLEO_H743ZI2/ARMC6/mbed-os/targets/TARGET_STM/i2c_api.o
    0x0800b298   0x00000010   Code   RO        11494    .text.__NVIC_EnableIRQ  BUILD/NUCLEO_H743ZI2/ARMC6/mbed-os/targets/TARGET_STM/lp_ticker.o
    0x0800b2a8   0x00000010   Code   RO        11869    .text.__NVIC_EnableIRQ  BUILD/NUCLEO_H743ZI2/ARMC6/mbed-os/targets/TARGET_STM/us_ticker.o
    0x0800b2b8   0x00000010   Code   RO        11500    .text.__NVIC_SetPendingIRQ  BUILD/NUCLEO_H743ZI2/ARMC6/mbed-os/targets/TARGET_STM/lp_ticker.o
    0x0800b2c8   0x00000022   Code   RO        11382    .text.__NVIC_SetPriority  BUILD/NUCLEO_H743ZI2/ARMC6/mbed-os/targets/TARGET_STM/i2c_api.o
    0x0800b2ea   0x00000006   PAD
    0x0800b2f0   0x00000020   Code   RO         5149    .text.__NVIC_SetPriorityGrouping  BUILD/NUCLEO_H743ZI2/ARMC6/mbed-os/targets/TARGET_STM/TARGET_STM32H7/device/stm32h7xx_hal_cortex.o
    0x0800b310   0x00000014   Code   RO        11145    .text.__NVIC_SetVector  BUILD/NUCLEO_H743ZI2/ARMC6/mbed-os/targets/TARGET_STM/TARGET_STM32H7/serial_device.o
    0x0800b324   0x00000004   PAD
    0x0800b328   0x00000012   Code   RO        11318    .text.__NVIC_SetVector  BUILD/NUCLEO_H743ZI2/ARMC6/mbed-os/targets/TARGET_STM/gpio_irq_api.o
    0x0800b33a   0x00000006   PAD
    0x0800b340   0x00000012   Code   RO        11380    .text.__NVIC_SetVector  BUILD/NUCLEO_H743ZI2/ARMC6/mbed-os/targets/TARGET_STM/i2c_api.o
    0x0800b352   0x00000006   PAD
    0x0800b358   0x00000018   Code   RO        11486    .text.__NVIC_SetVector  BUILD/NUCLEO_H743ZI2/ARMC6/mbed-os/targets/TARGET_STM/lp_ticker.o
    0x0800b370   0x00000018   Code   RO        11867    .text.__NVIC_SetVector  BUILD/NUCLEO_H743ZI2/ARMC6/mbed-os/targets/TARGET_STM/us_ticker.o
    0x0800b388   0x00000004   Code   RO         4380    .text.__cxa_atexit  BUILD/NUCLEO_H743ZI2/ARMC6/mbed-os/platform/source/mbed_retarget.o
    0x0800b38c   0x00000004   PAD
    0x0800b390   0x00000058   Code   RO         4400    .text.__cxa_guard_acquire  BUILD/NUCLEO_H743ZI2/ARMC6/mbed-os/platform/source/mbed_retarget.o
    0x0800b3e8   0x0000002e   Code   RO         4402    .text.__cxa_guard_release  BUILD/NUCLEO_H743ZI2/ARMC6/mbed-os/platform/source/mbed_retarget.o
    0x0800b416   0x00000002   PAD
    0x0800b418   0x00000028   Code   RO        12472    .text.__cxa_pure_virtual  /Library/Application Support/Mbed Studio/mbed-studio-tools/ac6/bin/../lib/libcxx/libcppabi_w.l(cxa_virtual.cpp.o)
    0x0800b440   0x00000038   Code   RO         1173    .text.__cxx_global_var_init  BUILD/NUCLEO_H743ZI2/ARMC6/dependencies/modules/serial_com/serial_com.o
    0x0800b478   0x00000012   Code   RO         1237    .text.__cxx_global_var_init  BUILD/NUCLEO_H743ZI2/ARMC6/main.o
    0x0800b48a   0x00000006   PAD
    0x0800b490   0x00000038   Code   RO         1175    .text.__cxx_global_var_init.1  BUILD/NUCLEO_H743ZI2/ARMC6/dependencies/modules/serial_com/serial_com.o
    0x0800b4c8   0x00000058   Code   RO         1239    .text.__cxx_global_var_init.1  BUILD/NUCLEO_H743ZI2/ARMC6/main.o
    0x0800b520   0x00000044   Code   RO         1245    .text.__cxx_global_var_init.8  BUILD/NUCLEO_H743ZI2/ARMC6/main.o
    0x0800b564   0x00000004   PAD
    0x0800b568   0x00000044   Code   RO         1247    .text.__cxx_global_var_init.9  BUILD/NUCLEO_H743ZI2/ARMC6/main.o
    0x0800b5ac   0x00000004   PAD
    0x0800b5b0   0x00000024   Code   RO         3156    .text._gpio_init_in  BUILD/NUCLEO_H743ZI2/ARMC6/mbed-os/hal/mbed_gpio.o
    0x0800b5d4   0x00000004   PAD
    0x0800b5d8   0x00000030   Code   RO         3162    .text._gpio_init_out  BUILD/NUCLEO_H743ZI2/ARMC6/mbed-os/hal/mbed_gpio.o
    0x0800b608   0x00000016   Code   RO        11408    .text._i2c_init_direct  BUILD/NUCLEO_H743ZI2/ARMC6/mbed-os/targets/TARGET_STM/i2c_api.o
    0x0800b61e   0x00000002   PAD
    0x0800b620   0x00000010   Code   RO         4511    .text._platform_post_stackheap_init  BUILD/NUCLEO_H743ZI2/ARMC6/mbed-os/platform/source/mbed_sdk_boot.o
    0x0800b630   0x00000270   Code   RO        11687    .text._serial_init_direct  BUILD/NUCLEO_H743ZI2/ARMC6/mbed-os/targets/TARGET_STM/serial_api.o
    0x0800b8a0   0x00000008   Code   RO         4306    .text._sys_close    BUILD/NUCLEO_H743ZI2/ARMC6/mbed-os/platform/source/mbed_retarget.o
    0x0800b8a8   0x00000002   Code   RO         4314    .text._sys_exit     BUILD/NUCLEO_H743ZI2/ARMC6/mbed-os/platform/source/mbed_retarget.o
    0x0800b8aa   0x00000006   PAD
    0x0800b8b0   0x00000028   Code   RO         4334    .text._sys_flen     BUILD/NUCLEO_H743ZI2/ARMC6/mbed-os/platform/source/mbed_retarget.o
    0x0800b8d8   0x00000008   Code   RO         4322    .text._sys_istty    BUILD/NUCLEO_H743ZI2/ARMC6/mbed-os/platform/source/mbed_retarget.o
    0x0800b8e0   0x0000006a   Code   RO         4298    .text._sys_open     BUILD/NUCLEO_H743ZI2/ARMC6/mbed-os/platform/source/mbed_retarget.o
    0x0800b94a   0x00000006   PAD
    0x0800b950   0x0000002a   Code   RO         4318    .text._sys_read     BUILD/NUCLEO_H743ZI2/ARMC6/mbed-os/platform/source/mbed_retarget.o
    0x0800b97a   0x00000006   PAD
    0x0800b980   0x0000000a   Code   RO         4324    .text._sys_seek     BUILD/NUCLEO_H743ZI2/ARMC6/mbed-os/platform/source/mbed_retarget.o
    0x0800b98a   0x00000006   PAD
    0x0800b990   0x00000036   Code   RO         4310    .text._sys_write    BUILD/NUCLEO_H743ZI2/ARMC6/mbed-os/platform/source/mbed_retarget.o
    0x0800b9c6   0x00000002   PAD
    0x0800b9c8   0x00000030   Code   RO         3258    .text._ticker_match_interval_passed  BUILD/NUCLEO_H743ZI2/ARMC6/mbed-os/hal/mbed_ticker_api.o
    0x0800b9f8   0x00000018   Code   RO         4316    .text._ttywrch      BUILD/NUCLEO_H743ZI2/ARMC6/mbed-os/platform/source/mbed_retarget.o
    0x0800ba10   0x00000008   Code   RO         4562    .text._wait_us_inline  BUILD/NUCLEO_H743ZI2/ARMC6/mbed-os/platform/source/mbed_wait_api_no_rtos.o
    0x0800ba18   0x00000016   Code   RO         4564    .text._wait_us_ticks  BUILD/NUCLEO_H743ZI2/ARMC6/mbed-os/platform/source/mbed_wait_api_no_rtos.o
    0x0800ba2e   0x00000004   Code   RO        12729    .text.abort_message  /Library/Application Support/Mbed Studio/mbed-studio-tools/ac6/bin/../lib/libcxx/libcppabi_w.l(abort_message.cpp.o)
    0x0800ba32   0x00000006   PAD
    0x0800ba38   0x0000000c   Code   RO         3126    .text.are_interrupts_enabled  BUILD/NUCLEO_H743ZI2/ARMC6/mbed-os/hal/mbed_critical_section_api.o
    0x0800ba44   0x00000004   PAD
    0x0800ba48   0x00000002   Code   RO         3306    .text.block_us_ticker_free  BUILD/NUCLEO_H743ZI2/ARMC6/mbed-os/hal/mbed_us_ticker_api.o
    0x0800ba4a   0x00000006   PAD
    0x0800ba50   0x00000114   Code   RO        11253    .text.can_irq       BUILD/NUCLEO_H743ZI2/ARMC6/mbed-os/targets/TARGET_STM/can_api.o
    0x0800bb64   0x00000004   PAD
    0x0800bb68   0x0000003c   Code   RO         4308    .text.close         BUILD/NUCLEO_H743ZI2/ARMC6/mbed-os/platform/source/mbed_retarget.o
    0x0800bba4   0x00000004   PAD
    0x0800bba8   0x000000a4   Code   RO         3290    .text.compute_tick_round_up  BUILD/NUCLEO_H743ZI2/ARMC6/mbed-os/hal/mbed_ticker_api.o
    0x0800bc4c   0x00000004   PAD
    0x0800bc50   0x0000000c   Code   RO         4032    .text.core_util_are_interrupts_enabled  BUILD/NUCLEO_H743ZI2/ARMC6/mbed-os/platform/source/mbed_critical.o
    0x0800bc5c   0x00000004   PAD
    0x0800bc60   0x00000012   Code   RO         3925    .text.core_util_atomic_decr_u16  BUILD/NUCLEO_H743ZI2/ARMC6/mbed-os/platform/source/mbed_atomic_impl.o
    0x0800bc72   0x00000006   PAD
    0x0800bc78   0x0000000c   Code   RO         3911    .text.core_util_atomic_exchange_u8  BUILD/NUCLEO_H743ZI2/ARMC6/mbed-os/platform/source/mbed_atomic_impl.o
    0x0800bc84   0x00000004   PAD
    0x0800bc88   0x00000016   Code   RO         3909    .text.core_util_atomic_flag_test_and_set  BUILD/NUCLEO_H743ZI2/ARMC6/mbed-os/platform/source/mbed_atomic_impl.o
    0x0800bc9e   0x00000002   PAD
    0x0800bca0   0x00000012   Code   RO         3919    .text.core_util_atomic_incr_u16  BUILD/NUCLEO_H743ZI2/ARMC6/mbed-os/platform/source/mbed_atomic_impl.o
    0x0800bcb2   0x00000006   PAD
    0x0800bcb8   0x00000084   Code   RO         4038    .text.core_util_critical_section_enter  BUILD/NUCLEO_H743ZI2/ARMC6/mbed-os/platform/source/mbed_critical.o
    0x0800bd3c   0x00000004   PAD
    0x0800bd40   0x0000001c   Code   RO         4040    .text.core_util_critical_section_exit  BUILD/NUCLEO_H743ZI2/ARMC6/mbed-os/platform/source/mbed_critical.o
    0x0800bd5c   0x00000004   PAD
    0x0800bd60   0x0000000c   Code   RO         4034    .text.core_util_is_isr_active  BUILD/NUCLEO_H743ZI2/ARMC6/mbed-os/platform/source/mbed_critical.o
    0x0800bd6c   0x00000004   PAD
    0x0800bd70   0x00000054   Code   RO        11695    .text.debug         BUILD/NUCLEO_H743ZI2/ARMC6/mbed-os/targets/TARGET_STM/serial_api.o
    0x0800bdc4   0x00000004   PAD
    0x0800bdc8   0x00000068   Code   RO         4050    .text.error         BUILD/NUCLEO_H743ZI2/ARMC6/mbed-os/platform/source/mbed_error.o
    0x0800be30   0x0000002e   Code   RO         4376    .text.exit          BUILD/NUCLEO_H743ZI2/ARMC6/mbed-os/platform/source/mbed_retarget.o
    0x0800be5e   0x00000002   PAD
    0x0800be60   0x0000002e   Code   RO         4288    .text.fdopen        BUILD/NUCLEO_H743ZI2/ARMC6/mbed-os/platform/source/mbed_retarget.o
    0x0800be8e   0x00000002   PAD
    0x0800be90   0x0000002a   Code   RO         4332    .text.fsync         BUILD/NUCLEO_H743ZI2/ARMC6/mbed-os/platform/source/mbed_retarget.o
    0x0800beba   0x00000006   PAD
    0x0800bec0   0x00000004   Code   RO        11412    .text.get_i2c_obj   BUILD/NUCLEO_H743ZI2/ARMC6/mbed-os/targets/TARGET_STM/i2c_api.o
    0x0800bec4   0x00000004   PAD
    0x0800bec8   0x00000046   Code   RO        11410    .text.get_i2c_timing  BUILD/NUCLEO_H743ZI2/ARMC6/mbed-os/targets/TARGET_STM/i2c_api.o
    0x0800bf0e   0x00000002   PAD
    0x0800bf10   0x0000000a   Code   RO         3186    .text.get_lp_ticker_data  BUILD/NUCLEO_H743ZI2/ARMC6/mbed-os/hal/mbed_lp_ticker_api.o
    0x0800bf1a   0x00000006   PAD
    0x0800bf20   0x000000d2   Code   RO        11715    .text.get_uart_index  BUILD/NUCLEO_H743ZI2/ARMC6/mbed-os/targets/TARGET_STM/serial_api.o
    0x0800bff2   0x00000006   PAD
    0x0800bff8   0x0000000a   Code   RO         3300    .text.get_us_ticker_data  BUILD/NUCLEO_H743ZI2/ARMC6/mbed-os/hal/mbed_us_ticker_api.o
    0x0800c002   0x00000006   PAD
    0x0800c008   0x00000016   Code   RO        11290    .text.gpio_dir      BUILD/NUCLEO_H743ZI2/ARMC6/mbed-os/targets/TARGET_STM/gpio_api.o
    0x0800c01e   0x00000002   PAD
    0x0800c020   0x00000046   Code   RO        11286    .text.gpio_init     BUILD/NUCLEO_H743ZI2/ARMC6/mbed-os/targets/TARGET_STM/gpio_api.o
    0x0800c066   0x00000002   PAD
    0x0800c068   0x0000000a   Code   RO         3152    .text.gpio_init_in  BUILD/NUCLEO_H743ZI2/ARMC6/mbed-os/hal/mbed_gpio.o
    0x0800c072   0x00000006   PAD
    0x0800c078   0x00000008   Code   RO         3154    .text.gpio_init_in_ex  BUILD/NUCLEO_H743ZI2/ARMC6/mbed-os/hal/mbed_gpio.o
    0x0800c080   0x00000032   Code   RO         3164    .text.gpio_init_inout  BUILD/NUCLEO_H743ZI2/ARMC6/mbed-os/hal/mbed_gpio.o
    0x0800c0b2   0x00000006   PAD
    0x0800c0b8   0x0000000a   Code   RO         3158    .text.gpio_init_out  BUILD/NUCLEO_H743ZI2/ARMC6/mbed-os/hal/mbed_gpio.o
    0x0800c0c2   0x00000006   PAD
    0x0800c0c8   0x0000000c   Code   RO         3160    .text.gpio_init_out_ex  BUILD/NUCLEO_H743ZI2/ARMC6/mbed-os/hal/mbed_gpio.o
    0x0800c0d4   0x00000004   PAD
    0x0800c0d8   0x0000000c   Code   RO        11304    .text.gpio_irq0     BUILD/NUCLEO_H743ZI2/ARMC6/mbed-os/targets/TARGET_STM/gpio_irq_api.o
    0x0800c0e4   0x00000004   PAD
    0x0800c0e8   0x0000000c   Code   RO        11306    .text.gpio_irq1     BUILD/NUCLEO_H743ZI2/ARMC6/mbed-os/targets/TARGET_STM/gpio_irq_api.o
    0x0800c0f4   0x00000004   PAD
    0x0800c0f8   0x0000000c   Code   RO        11308    .text.gpio_irq2     BUILD/NUCLEO_H743ZI2/ARMC6/mbed-os/targets/TARGET_STM/gpio_irq_api.o
    0x0800c104   0x00000004   PAD
    0x0800c108   0x0000000c   Code   RO        11310    .text.gpio_irq3     BUILD/NUCLEO_H743ZI2/ARMC6/mbed-os/targets/TARGET_STM/gpio_irq_api.o
    0x0800c114   0x00000004   PAD
    0x0800c118   0x0000000c   Code   RO        11312    .text.gpio_irq4     BUILD/NUCLEO_H743ZI2/ARMC6/mbed-os/targets/TARGET_STM/gpio_irq_api.o
    0x0800c124   0x00000004   PAD
    0x0800c128   0x0000000c   Code   RO        11314    .text.gpio_irq5     BUILD/NUCLEO_H743ZI2/ARMC6/mbed-os/targets/TARGET_STM/gpio_irq_api.o
    0x0800c134   0x00000004   PAD
    0x0800c138   0x0000000c   Code   RO        11316    .text.gpio_irq6     BUILD/NUCLEO_H743ZI2/ARMC6/mbed-os/targets/TARGET_STM/gpio_irq_api.o
    0x0800c144   0x00000004   PAD
    0x0800c148   0x0000006a   Code   RO        11324    .text.gpio_irq_disable  BUILD/NUCLEO_H743ZI2/ARMC6/mbed-os/targets/TARGET_STM/gpio_irq_api.o
    0x0800c1b2   0x00000006   PAD
    0x0800c1b8   0x00000078   Code   RO        11320    .text.gpio_irq_enable  BUILD/NUCLEO_H743ZI2/ARMC6/mbed-os/targets/TARGET_STM/gpio_irq_api.o
    0x0800c230   0x0000004e   Code   RO        11322    .text.gpio_irq_free  BUILD/NUCLEO_H743ZI2/ARMC6/mbed-os/targets/TARGET_STM/gpio_irq_api.o
    0x0800c27e   0x00000002   PAD
    0x0800c280   0x00000144   Code   RO        11302    .text.gpio_irq_init  BUILD/NUCLEO_H743ZI2/ARMC6/mbed-os/targets/TARGET_STM/gpio_irq_api.o
    0x0800c3c4   0x00000004   PAD
    0x0800c3c8   0x00000066   Code   RO        11326    .text.gpio_irq_set  BUILD/NUCLEO_H743ZI2/ARMC6/mbed-os/targets/TARGET_STM/gpio_irq_api.o
    0x0800c42e   0x00000002   PAD
    0x0800c430   0x0000000c   Code   RO        11288    .text.gpio_mode     BUILD/NUCLEO_H743ZI2/ARMC6/mbed-os/targets/TARGET_STM/gpio_api.o
    0x0800c43c   0x00000004   PAD
    0x0800c440   0x00000064   Code   RO        11284    .text.gpio_set      BUILD/NUCLEO_H743ZI2/ARMC6/mbed-os/targets/TARGET_STM/gpio_api.o
    0x0800c4a4   0x00000004   PAD
    0x0800c4a8   0x00000014   Code   RO         3150    .text.gpio_write    BUILD/NUCLEO_H743ZI2/ARMC6/mbed-os/hal/mbed_gpio.o
    0x0800c4bc   0x00000004   PAD
    0x0800c4c0   0x00000014   Code   RO         4011    .text.gpio_write    BUILD/NUCLEO_H743ZI2/ARMC6/mbed-os/platform/source/mbed_board.o
    0x0800c4d4   0x00000004   PAD
    0x0800c4d8   0x0000002c   Code   RO         3124    .text.hal_critical_section_enter  BUILD/NUCLEO_H743ZI2/ARMC6/mbed-os/hal/mbed_critical_section_api.o
    0x0800c504   0x00000004   PAD
    0x0800c508   0x0000007c   Code   RO         3128    .text.hal_critical_section_exit  BUILD/NUCLEO_H743ZI2/ARMC6/mbed-os/hal/mbed_critical_section_api.o
    0x0800c584   0x00000004   PAD
    0x0800c588   0x0000001c   Code   RO        11734    .text.hal_sleep     BUILD/NUCLEO_H743ZI2/ARMC6/mbed-os/targets/TARGET_STM/sleep.o
    0x0800c5a4   0x00000004   PAD
    0x0800c5a8   0x000000e6   Code   RO         4052    .text.handle_error  BUILD/NUCLEO_H743ZI2/ARMC6/mbed-os/platform/source/mbed_error.o
    0x0800c68e   0x00000002   PAD
    0x0800c690   0x000000f4   Code   RO        11346    .text.handle_interrupt_in  BUILD/NUCLEO_H743ZI2/ARMC6/mbed-os/targets/TARGET_STM/gpio_irq_api.o
    0x0800c784   0x00000004   PAD
    0x0800c788   0x0000001a   Code   RO        11390    .text.i2c1_irq      BUILD/NUCLEO_H743ZI2/ARMC6/mbed-os/targets/TARGET_STM/i2c_api.o
    0x0800c7a2   0x00000006   PAD
    0x0800c7a8   0x0000001a   Code   RO        11392    .text.i2c2_irq      BUILD/NUCLEO_H743ZI2/ARMC6/mbed-os/targets/TARGET_STM/i2c_api.o
    0x0800c7c2   0x00000006   PAD
    0x0800c7c8   0x0000001a   Code   RO        11394    .text.i2c3_irq      BUILD/NUCLEO_H743ZI2/ARMC6/mbed-os/targets/TARGET_STM/i2c_api.o
    0x0800c7e2   0x00000006   PAD
    0x0800c7e8   0x0000001a   Code   RO        11396    .text.i2c4_irq      BUILD/NUCLEO_H743ZI2/ARMC6/mbed-os/targets/TARGET_STM/i2c_api.o
    0x0800c802   0x00000006   PAD
    0x0800c808   0x00000098   Code   RO        11424    .text.i2c_byte_write  BUILD/NUCLEO_H743ZI2/ARMC6/mbed-os/targets/TARGET_STM/i2c_api.o
    0x0800c8a0   0x00000018   Code   RO        11386    .text.i2c_ev_err_disable  BUILD/NUCLEO_H743ZI2/ARMC6/mbed-os/targets/TARGET_STM/i2c_api.o
    0x0800c8b8   0x0000004a   Code   RO        11378    .text.i2c_ev_err_enable  BUILD/NUCLEO_H743ZI2/ARMC6/mbed-os/targets/TARGET_STM/i2c_api.o
    0x0800c902   0x00000006   PAD
    0x0800c908   0x00000190   Code   RO        11404    .text.i2c_frequency  BUILD/NUCLEO_H743ZI2/ARMC6/mbed-os/targets/TARGET_STM/i2c_api.o
    0x0800ca98   0x0000004c   Code   RO        11388    .text.i2c_get_irq_handler  BUILD/NUCLEO_H743ZI2/ARMC6/mbed-os/targets/TARGET_STM/i2c_api.o
    0x0800cae4   0x00000004   PAD
    0x0800cae8   0x000000cc   Code   RO        11398    .text.i2c_hw_reset  BUILD/NUCLEO_H743ZI2/ARMC6/mbed-os/targets/TARGET_STM/i2c_api.o
    0x0800cbb4   0x00000004   PAD
    0x0800cbb8   0x00000066   Code   RO        11406    .text.i2c_init      BUILD/NUCLEO_H743ZI2/ARMC6/mbed-os/targets/TARGET_STM/i2c_api.o
    0x0800cc1e   0x00000002   PAD
    0x0800cc20   0x00000198   Code   RO        11402    .text.i2c_init_internal  BUILD/NUCLEO_H743ZI2/ARMC6/mbed-os/targets/TARGET_STM/i2c_api.o
    0x0800cdb8   0x00000024   Code   RO        11438    .text.i2c_slave_address  BUILD/NUCLEO_H743ZI2/ARMC6/mbed-os/targets/TARGET_STM/i2c_api.o
    0x0800cddc   0x00000004   PAD
    0x0800cde0   0x00000062   Code   RO        11426    .text.i2c_slave_write  BUILD/NUCLEO_H743ZI2/ARMC6/mbed-os/targets/TARGET_STM/i2c_api.o
    0x0800ce42   0x00000006   PAD
    0x0800ce48   0x0000000a   Code   RO        11418    .text.i2c_start     BUILD/NUCLEO_H743ZI2/ARMC6/mbed-os/targets/TARGET_STM/i2c_api.o
    0x0800ce52   0x00000006   PAD
    0x0800ce58   0x00000070   Code   RO        11416    .text.i2c_stop      BUILD/NUCLEO_H743ZI2/ARMC6/mbed-os/targets/TARGET_STM/i2c_api.o
    0x0800cec8   0x0000001c   Code   RO        11400    .text.i2c_sw_reset  BUILD/NUCLEO_H743ZI2/ARMC6/mbed-os/targets/TARGET_STM/i2c_api.o
    0x0800cee4   0x00000004   PAD
    0x0800cee8   0x000000ca   Code   RO        11430    .text.i2c_write     BUILD/NUCLEO_H743ZI2/ARMC6/mbed-os/targets/TARGET_STM/i2c_api.o
    0x0800cfb2   0x00000006   PAD
    0x0800cfb8   0x0000009e   Code   RO        11865    .text.init_32bit_timer  BUILD/NUCLEO_H743ZI2/ARMC6/mbed-os/targets/TARGET_STM/us_ticker.o
    0x0800d056   0x00000002   PAD
    0x0800d058   0x00000098   Code   RO        11693    .text.init_uart     BUILD/NUCLEO_H743ZI2/ARMC6/mbed-os/targets/TARGET_STM/serial_api.o
    0x0800d0f0   0x0000014c   Code   RO         3262    .text.initialize    BUILD/NUCLEO_H743ZI2/ARMC6/mbed-os/hal/mbed_ticker_api.o
    0x0800d23c   0x00000004   PAD
    0x0800d240   0x00000026   Code   RO         4290    .text.isatty        BUILD/NUCLEO_H743ZI2/ARMC6/mbed-os/platform/source/mbed_retarget.o
    0x0800d266   0x00000002   PAD
    0x0800d268   0x0000001e   Code   RO        11496    .text.lp_ticker_clear_interrupt  BUILD/NUCLEO_H743ZI2/ARMC6/mbed-os/targets/TARGET_STM/lp_ticker.o
    0x0800d286   0x00000002   PAD
    0x0800d288   0x00000062   Code   RO        11484    .text.lp_ticker_disable_interrupt  BUILD/NUCLEO_H743ZI2/ARMC6/mbed-os/targets/TARGET_STM/lp_ticker.o
    0x0800d2ea   0x00000006   PAD
    0x0800d2f0   0x0000002c   Code   RO        11498    .text.lp_ticker_fire_interrupt  BUILD/NUCLEO_H743ZI2/ARMC6/mbed-os/targets/TARGET_STM/lp_ticker.o
    0x0800d31c   0x00000004   PAD
    0x0800d320   0x00000008   Code   RO        11506    .text.lp_ticker_free  BUILD/NUCLEO_H743ZI2/ARMC6/mbed-os/targets/TARGET_STM/lp_ticker.o
    0x0800d328   0x0000000a   Code   RO        11480    .text.lp_ticker_get_info  BUILD/NUCLEO_H743ZI2/ARMC6/mbed-os/targets/TARGET_STM/lp_ticker.o
    0x0800d332   0x00000006   PAD
    0x0800d338   0x0000016c   Code   RO        11482    .text.lp_ticker_init  BUILD/NUCLEO_H743ZI2/ARMC6/mbed-os/targets/TARGET_STM/lp_ticker.o
    0x0800d4a4   0x00000004   PAD
    0x0800d4a8   0x0000001e   Code   RO         3190    .text.lp_ticker_irq_handler  BUILD/NUCLEO_H743ZI2/ARMC6/mbed-os/hal/mbed_lp_ticker_api.o
    0x0800d4c6   0x00000002   PAD
    0x0800d4c8   0x00000012   Code   RO        11490    .text.lp_ticker_read  BUILD/NUCLEO_H743ZI2/ARMC6/mbed-os/targets/TARGET_STM/lp_ticker.o
    0x0800d4da   0x00000006   PAD
    0x0800d4e0   0x000000e4   Code   RO        11492    .text.lp_ticker_set_interrupt  BUILD/NUCLEO_H743ZI2/ARMC6/mbed-os/targets/TARGET_STM/lp_ticker.o
    0x0800d5c4   0x00000004   PAD
    0x0800d5c8   0x00000010   Code   RO        11143    .text.lpuart1_irq   BUILD/NUCLEO_H743ZI2/ARMC6/mbed-os/targets/TARGET_STM/TARGET_STM32H7/serial_device.o
    0x0800d5d8   0x00000030   Code   RO         4326    .text.lseek         BUILD/NUCLEO_H743ZI2/ARMC6/mbed-os/platform/source/mbed_retarget.o
    0x0800d608   0x0000006e   Code   RO         1249    .text.main          BUILD/NUCLEO_H743ZI2/ARMC6/main.o
    0x0800d676   0x00000002   PAD
    0x0800d678   0x0000001a   Code   RO         3900    .text.mbed_assert_internal  BUILD/NUCLEO_H743ZI2/ARMC6/mbed-os/platform/source/mbed_assert.o
    0x0800d692   0x00000006   PAD
    0x0800d698   0x0000002e   Code   RO         4507    .text.mbed_copy_nvic  BUILD/NUCLEO_H743ZI2/ARMC6/mbed-os/platform/source/mbed_sdk_boot.o
    0x0800d6c6   0x00000002   PAD
    0x0800d6c8   0x0000006c   Code   RO         4013    .text.mbed_die      BUILD/NUCLEO_H743ZI2/ARMC6/mbed-os/platform/source/mbed_board.o
    0x0800d734   0x00000004   PAD
    0x0800d738   0x00000036   Code   RO         4072    .text.mbed_error    BUILD/NUCLEO_H743ZI2/ARMC6/mbed-os/platform/source/mbed_error.o
    0x0800d76e   0x00000002   PAD
    0x0800d770   0x00000014   Code   RO         4090    .text.mbed_error_is_hw_fault  BUILD/NUCLEO_H743ZI2/ARMC6/mbed-os/platform/source/mbed_error.o
    0x0800d784   0x00000004   PAD
    0x0800d788   0x00000020   Code   RO         4015    .text.mbed_error_printf  BUILD/NUCLEO_H743ZI2/ARMC6/mbed-os/platform/source/mbed_board.o
    0x0800d7a8   0x00000028   Code   RO         4019    .text.mbed_error_puts  BUILD/NUCLEO_H743ZI2/ARMC6/mbed-os/platform/source/mbed_board.o
    0x0800d7d0   0x00000034   Code   RO         4017    .text.mbed_error_vprintf  BUILD/NUCLEO_H743ZI2/ARMC6/mbed-os/platform/source/mbed_board.o
    0x0800d804   0x00000004   PAD
    0x0800d808   0x000000f8   Code   RO         3859    .text.mbed_fault_handler  BUILD/NUCLEO_H743ZI2/ARMC6/mbed-os/platform/source/TARGET_CORTEX_M/mbed_fault_handler.o
    0x0800d900   0x00000032   Code   RO         4056    .text.mbed_halt_system  BUILD/NUCLEO_H743ZI2/ARMC6/mbed-os/platform/source/mbed_error.o
    0x0800d932   0x00000006   PAD
    0x0800d938   0x00000002   Code   RO         4501    .text.mbed_main     BUILD/NUCLEO_H743ZI2/ARMC6/mbed-os/platform/source/mbed_sdk_boot.o
    0x0800d93a   0x00000006   PAD
    0x0800d940   0x000000be   Code   RO        11548    .text.mbed_sdk_init  BUILD/NUCLEO_H743ZI2/ARMC6/mbed-os/targets/TARGET_STM/mbed_overrides.o
    0x0800d9fe   0x00000002   PAD
    0x0800da00   0x0000007c   Code   RO         4300    .text.open          BUILD/NUCLEO_H743ZI2/ARMC6/mbed-os/platform/source/mbed_retarget.o
    0x0800da7c   0x00000004   PAD
    0x0800da80   0x000000b8   Code   RO        11559    .text.pin_function  BUILD/NUCLEO_H743ZI2/ARMC6/mbed-os/targets/TARGET_STM/pinmap.o
    0x0800db38   0x0000008c   Code   RO        11571    .text.pin_mode      BUILD/NUCLEO_H743ZI2/ARMC6/mbed-os/targets/TARGET_STM/pinmap.o
    0x0800dbc4   0x00000004   PAD
    0x0800dbc8   0x00000026   Code   RO         3217    .text.pinmap_find_function  BUILD/NUCLEO_H743ZI2/ARMC6/mbed-os/hal/mbed_pinmap_common.o
    0x0800dbee   0x00000002   PAD
    0x0800dbf0   0x00000028   Code   RO         3213    .text.pinmap_find_peripheral  BUILD/NUCLEO_H743ZI2/ARMC6/mbed-os/hal/mbed_pinmap_common.o
    0x0800dc18   0x00000048   Code   RO         3211    .text.pinmap_merge  BUILD/NUCLEO_H743ZI2/ARMC6/mbed-os/hal/mbed_pinmap_common.o
    0x0800dc60   0x00000058   Code   RO         3215    .text.pinmap_peripheral  BUILD/NUCLEO_H743ZI2/ARMC6/mbed-os/hal/mbed_pinmap_common.o
    0x0800dcb8   0x00000064   Code   RO         3209    .text.pinmap_pinout  BUILD/NUCLEO_H743ZI2/ARMC6/mbed-os/hal/mbed_pinmap_common.o
    0x0800dd1c   0x00000004   PAD
    0x0800dd20   0x0000015c   Code   RO         3861    .text.print_context_info  BUILD/NUCLEO_H743ZI2/ARMC6/mbed-os/platform/source/TARGET_CORTEX_M/mbed_fault_handler.o
    0x0800de7c   0x00000004   PAD
    0x0800de80   0x000001b0   Code   RO         4054    .text.print_error_report  BUILD/NUCLEO_H743ZI2/ARMC6/mbed-os/platform/source/mbed_error.o
    0x0800e030   0x00000030   Code   RO         4320    .text.read          BUILD/NUCLEO_H743ZI2/ARMC6/mbed-os/platform/source/mbed_retarget.o
    0x0800e060   0x000000c8   Code   RO         3270    .text.schedule_interrupt  BUILD/NUCLEO_H743ZI2/ARMC6/mbed-os/hal/mbed_ticker_api.o
    0x0800e128   0x0000009a   Code   RO        11691    .text.serial_baud   BUILD/NUCLEO_H743ZI2/ARMC6/mbed-os/targets/TARGET_STM/serial_api.o
    0x0800e1c2   0x00000006   PAD
    0x0800e1c8   0x00000028   Code   RO        11151    .text.serial_getc   BUILD/NUCLEO_H743ZI2/ARMC6/mbed-os/targets/TARGET_STM/TARGET_STM32H7/serial_device.o
    0x0800e1f0   0x000000dc   Code   RO        11685    .text.serial_init   BUILD/NUCLEO_H743ZI2/ARMC6/mbed-os/targets/TARGET_STM/serial_api.o
    0x0800e2cc   0x00000004   PAD
    0x0800e2d0   0x00000012   Code   RO         3353    .text.serial_init_direct  BUILD/NUCLEO_H743ZI2/ARMC6/mbed-os/hal/static_pinmap.o
    0x0800e2e2   0x00000006   PAD
    0x0800e2e8   0x0000001a   Code   RO        11123    .text.serial_irq_handler  BUILD/NUCLEO_H743ZI2/ARMC6/mbed-os/targets/TARGET_STM/TARGET_STM32H7/serial_device.o
    0x0800e302   0x00000006   PAD
    0x0800e308   0x00000172   Code   RO        11125    .text.serial_irq_set  BUILD/NUCLEO_H743ZI2/ARMC6/mbed-os/targets/TARGET_STM/TARGET_STM32H7/serial_device.o
    0x0800e47a   0x00000006   PAD
    0x0800e480   0x00000028   Code   RO        11153    .text.serial_putc   BUILD/NUCLEO_H743ZI2/ARMC6/mbed-os/targets/TARGET_STM/TARGET_STM32H7/serial_device.o
    0x0800e4a8   0x00000022   Code   RO        11707    .text.serial_readable  BUILD/NUCLEO_H743ZI2/ARMC6/mbed-os/targets/TARGET_STM/serial_api.o
    0x0800e4ca   0x00000006   PAD
    0x0800e4d0   0x00000018   Code   RO        11709    .text.serial_writable  BUILD/NUCLEO_H743ZI2/ARMC6/mbed-os/targets/TARGET_STM/serial_api.o
    0x0800e4e8   0x00000006   Code   RO         3264    .text.set_handler   BUILD/NUCLEO_H743ZI2/ARMC6/mbed-os/hal/mbed_ticker_api.o
    0x0800e4ee   0x00000002   PAD
    0x0800e4f0   0x00000058   Code   RO         4241    .text.sleep_manager_lock_deep_sleep_internal  BUILD/NUCLEO_H743ZI2/ARMC6/mbed-os/platform/source/mbed_power_mgmt.o
    0x0800e548   0x00000010   Code   RO         4249    .text.sleep_manager_sleep_auto  BUILD/NUCLEO_H743ZI2/ARMC6/mbed-os/platform/source/mbed_power_mgmt.o
    0x0800e558   0x00000058   Code   RO         4243    .text.sleep_manager_unlock_deep_sleep_internal  BUILD/NUCLEO_H743ZI2/ARMC6/mbed-os/platform/source/mbed_power_mgmt.o
    0x0800e5b0   0x00000018   Code   RO        11569    .text.stm_pin_PullConfig  BUILD/NUCLEO_H743ZI2/ARMC6/mbed-os/targets/TARGET_STM/pinmap.o
    0x0800e5c8   0x00000022   Code   RO        11563    .text.stm_pin_SetAFPin  BUILD/NUCLEO_H743ZI2/ARMC6/mbed-os/targets/TARGET_STM/pinmap.o
    0x0800e5ea   0x00000006   PAD
    0x0800e5f0   0x0000000c   Code   RO         4544    .text.thread_sleep_for  BUILD/NUCLEO_H743ZI2/ARMC6/mbed-os/platform/source/mbed_thread.o
    0x0800e5fc   0x00000004   PAD
    0x0800e600   0x0000007e   Code   RO         3276    .text.ticker_insert_event_us  BUILD/NUCLEO_H743ZI2/ARMC6/mbed-os/hal/mbed_ticker_api.o
    0x0800e67e   0x00000002   PAD
    0x0800e680   0x00000072   Code   RO         3266    .text.ticker_irq_handler  BUILD/NUCLEO_H743ZI2/ARMC6/mbed-os/hal/mbed_ticker_api.o
    0x0800e6f2   0x00000006   PAD
    0x0800e6f8   0x00000008   Code   RO         3280    .text.ticker_read   BUILD/NUCLEO_H743ZI2/ARMC6/mbed-os/hal/mbed_ticker_api.o
    0x0800e700   0x00000022   Code   RO         3282    .text.ticker_read_us  BUILD/NUCLEO_H743ZI2/ARMC6/mbed-os/hal/mbed_ticker_api.o
    0x0800e722   0x00000006   PAD
    0x0800e728   0x00000038   Code   RO         3278    .text.ticker_remove_event  BUILD/NUCLEO_H743ZI2/ARMC6/mbed-os/hal/mbed_ticker_api.o
    0x0800e760   0x0000001c   Code   RO         3260    .text.ticker_set_handler  BUILD/NUCLEO_H743ZI2/ARMC6/mbed-os/hal/mbed_ticker_api.o
    0x0800e77c   0x00000004   PAD
    0x0800e780   0x00000036   Code   RO        11863    .text.timer_irq_handler  BUILD/NUCLEO_H743ZI2/ARMC6/mbed-os/targets/TARGET_STM/us_ticker.o
    0x0800e7b6   0x00000002   PAD
    0x0800e7b8   0x00000010   Code   RO        11127    .text.uart1_irq     BUILD/NUCLEO_H743ZI2/ARMC6/mbed-os/targets/TARGET_STM/TARGET_STM32H7/serial_device.o
    0x0800e7c8   0x00000010   Code   RO        11129    .text.uart2_irq     BUILD/NUCLEO_H743ZI2/ARMC6/mbed-os/targets/TARGET_STM/TARGET_STM32H7/serial_device.o
    0x0800e7d8   0x00000010   Code   RO        11131    .text.uart3_irq     BUILD/NUCLEO_H743ZI2/ARMC6/mbed-os/targets/TARGET_STM/TARGET_STM32H7/serial_device.o
    0x0800e7e8   0x00000010   Code   RO        11133    .text.uart4_irq     BUILD/NUCLEO_H743ZI2/ARMC6/mbed-os/targets/TARGET_STM/TARGET_STM32H7/serial_device.o
    0x0800e7f8   0x00000010   Code   RO        11135    .text.uart5_irq     BUILD/NUCLEO_H743ZI2/ARMC6/mbed-os/targets/TARGET_STM/TARGET_STM32H7/serial_device.o
    0x0800e808   0x00000010   Code   RO        11137    .text.uart6_irq     BUILD/NUCLEO_H743ZI2/ARMC6/mbed-os/targets/TARGET_STM/TARGET_STM32H7/serial_device.o
    0x0800e818   0x00000010   Code   RO        11139    .text.uart7_irq     BUILD/NUCLEO_H743ZI2/ARMC6/mbed-os/targets/TARGET_STM/TARGET_STM32H7/serial_device.o
    0x0800e828   0x00000010   Code   RO        11141    .text.uart8_irq     BUILD/NUCLEO_H743ZI2/ARMC6/mbed-os/targets/TARGET_STM/TARGET_STM32H7/serial_device.o
    0x0800e838   0x0000009a   Code   RO        11161    .text.uart_irq      BUILD/NUCLEO_H743ZI2/ARMC6/mbed-os/targets/TARGET_STM/TARGET_STM32H7/serial_device.o
    0x0800e8d2   0x00000006   PAD
    0x0800e8d8   0x000000ec   Code   RO         3268    .text.update_present_time  BUILD/NUCLEO_H743ZI2/ARMC6/mbed-os/hal/mbed_ticker_api.o
    0x0800e9c4   0x00000004   PAD
    0x0800e9c8   0x00000012   Code   RO        11883    .text.us_ticker_clear_interrupt  BUILD/NUCLEO_H743ZI2/ARMC6/mbed-os/targets/TARGET_STM/us_ticker.o
    0x0800e9da   0x00000006   PAD
    0x0800e9e0   0x00000014   Code   RO        11881    .text.us_ticker_disable_interrupt  BUILD/NUCLEO_H743ZI2/ARMC6/mbed-os/targets/TARGET_STM/us_ticker.o
    0x0800e9f4   0x00000004   PAD
    0x0800e9f8   0x00000022   Code   RO        11877    .text.us_ticker_fire_interrupt  BUILD/NUCLEO_H743ZI2/ARMC6/mbed-os/targets/TARGET_STM/us_ticker.o
    0x0800ea1a   0x00000006   PAD
    0x0800ea20   0x0000000a   Code   RO        11861    .text.us_ticker_get_info  BUILD/NUCLEO_H743ZI2/ARMC6/mbed-os/targets/TARGET_STM/us_ticker.o
    0x0800ea2a   0x00000006   PAD
    0x0800ea30   0x0000001c   Code   RO        11871    .text.us_ticker_init  BUILD/NUCLEO_H743ZI2/ARMC6/mbed-os/targets/TARGET_STM/us_ticker.o
    0x0800ea4c   0x00000004   PAD
    0x0800ea50   0x0000001e   Code   RO         3304    .text.us_ticker_irq_handler  BUILD/NUCLEO_H743ZI2/ARMC6/mbed-os/hal/mbed_us_ticker_api.o
    0x0800ea6e   0x00000002   PAD
    0x0800ea70   0x0000000c   Code   RO        11873    .text.us_ticker_read  BUILD/NUCLEO_H743ZI2/ARMC6/mbed-os/targets/TARGET_STM/us_ticker.o
    0x0800ea7c   0x00000004   PAD
    0x0800ea80   0x0000001c   Code   RO        11875    .text.us_ticker_set_interrupt  BUILD/NUCLEO_H743ZI2/ARMC6/mbed-os/targets/TARGET_STM/us_ticker.o
    0x0800ea9c   0x00000004   PAD
    0x0800eaa0   0x00000026   Code   RO         4558    .text.wait_ms       BUILD/NUCLEO_H743ZI2/ARMC6/mbed-os/platform/source/mbed_wait_api_no_rtos.o
    0x0800eac6   0x00000002   PAD
    0x0800eac8   0x00000030   Code   RO         4312    .text.write         BUILD/NUCLEO_H743ZI2/ARMC6/mbed-os/platform/source/mbed_retarget.o
    0x0800eaf8   0x0000003e   Code   RO        12954    CL$$btod_d2e        /Library/Application Support/Mbed Studio/mbed-studio-tools/ac6/bin/../lib/armlib/c_w.l(btod.o)
    0x0800eb36   0x00000046   Code   RO        12956    CL$$btod_d2e_denorm_low  /Library/Application Support/Mbed Studio/mbed-studio-tools/ac6/bin/../lib/armlib/c_w.l(btod.o)
    0x0800eb7c   0x00000060   Code   RO        12955    CL$$btod_d2e_norm_op1  /Library/Application Support/Mbed Studio/mbed-studio-tools/ac6/bin/../lib/armlib/c_w.l(btod.o)
    0x0800ebdc   0x00000338   Code   RO        12964    CL$$btod_div_common  /Library/Application Support/Mbed Studio/mbed-studio-tools/ac6/bin/../lib/armlib/c_w.l(btod.o)
    0x0800ef14   0x00000084   Code   RO        12962    CL$$btod_e2d        /Library/Application Support/Mbed Studio/mbed-studio-tools/ac6/bin/../lib/armlib/c_w.l(btod.o)
    0x0800ef98   0x000000dc   Code   RO        12961    CL$$btod_e2e        /Library/Application Support/Mbed Studio/mbed-studio-tools/ac6/bin/../lib/armlib/c_w.l(btod.o)
    0x0800f074   0x0000002a   Code   RO        12958    CL$$btod_ediv       /Library/Application Support/Mbed Studio/mbed-studio-tools/ac6/bin/../lib/armlib/c_w.l(btod.o)
    0x0800f09e   0x0000002a   Code   RO        12960    CL$$btod_edivd      /Library/Application Support/Mbed Studio/mbed-studio-tools/ac6/bin/../lib/armlib/c_w.l(btod.o)
    0x0800f0c8   0x0000002a   Code   RO        12957    CL$$btod_emul       /Library/Application Support/Mbed Studio/mbed-studio-tools/ac6/bin/../lib/armlib/c_w.l(btod.o)
    0x0800f0f2   0x0000002a   Code   RO        12959    CL$$btod_emuld      /Library/Application Support/Mbed Studio/mbed-studio-tools/ac6/bin/../lib/armlib/c_w.l(btod.o)
    0x0800f11c   0x00000244   Code   RO        12963    CL$$btod_mult_common  /Library/Application Support/Mbed Studio/mbed-studio-tools/ac6/bin/../lib/armlib/c_w.l(btod.o)
    0x0800f360   0x00000030   Code   RO        13023    i.__ARM_fpclassify  /Library/Application Support/Mbed Studio/mbed-studio-tools/ac6/bin/../lib/armlib/m_wv.l(fpclassify.o)
    0x0800f390   0x000000c4   Code   RO        13025    i.__hardfp___mathlib_tofloat  /Library/Application Support/Mbed Studio/mbed-studio-tools/ac6/bin/../lib/armlib/m_wv.l(narrow.o)
    0x0800f454   0x00000004   PAD
    0x0800f458   0x00000018   Code   RO        13081    i.__mathlib_dbl_overflow  /Library/Application Support/Mbed Studio/mbed-studio-tools/ac6/bin/../lib/armlib/m_wv.l(dunder.o)
    0x0800f470   0x00000018   Code   RO        13083    i.__mathlib_dbl_underflow  /Library/Application Support/Mbed Studio/mbed-studio-tools/ac6/bin/../lib/armlib/m_wv.l(dunder.o)
    0x0800f488   0x00000012   Code   RO        13026    i.__mathlib_narrow  /Library/Application Support/Mbed Studio/mbed-studio-tools/ac6/bin/../lib/armlib/m_wv.l(narrow.o)
    0x0800f49a   0x000000a6   Code   RO        13069    i.__support_ldexp   /Library/Application Support/Mbed Studio/mbed-studio-tools/ac6/bin/../lib/armlib/m_wv.l(ldexp.o)
    0x0800f540   0x0000000e   Code   RO        12056    i._is_digit         /Library/Application Support/Mbed Studio/mbed-studio-tools/ac6/bin/../lib/armlib/c_w.l(__printf_wp.o)
    0x0800f54e   0x00000018   Code   RO        12081    i.fgetc             /Library/Application Support/Mbed Studio/mbed-studio-tools/ac6/bin/../lib/armlib/c_w.l(fgetc.o)
    0x0800f566   0x0000001a   Code   RO        12087    i.fputc             /Library/Application Support/Mbed Studio/mbed-studio-tools/ac6/bin/../lib/armlib/c_w.l(fputc.o)
    0x0800f580   0x0000008c   Code   RO        13051    i.frexp             /Library/Application Support/Mbed Studio/mbed-studio-tools/ac6/bin/../lib/armlib/m_wv.l(frexp.o)
    0x0800f60c   0x0000001c   Code   RO        12740    i.strtof            /Library/Application Support/Mbed Studio/mbed-studio-tools/ac6/bin/../lib/armlib/m_wv.l(strtof.o)
    0x0800f628   0x0000002c   Code   RO        12984    locale$$code        /Library/Application Support/Mbed Studio/mbed-studio-tools/ac6/bin/../lib/armlib/c_w.l(lc_ctype_c.o)
    0x0800f654   0x0000002c   Code   RO        12987    locale$$code        /Library/Application Support/Mbed Studio/mbed-studio-tools/ac6/bin/../lib/armlib/c_w.l(lc_numeric_c.o)
    0x0800f680   0x00000010   Code   RO        13091    x$fpl$dcheck1       /Library/Application Support/Mbed Studio/mbed-studio-tools/ac6/bin/../lib/armlib/fz_wv.l(dcheck1.o)
    0x0800f690   0x00000060   Code   RO        12167    x$fpl$ffltll        /Library/Application Support/Mbed Studio/mbed-studio-tools/ac6/bin/../lib/armlib/fz_wv.l(ffltll_clz.o)
    0x0800f6f0   0x0000008c   Code   RO        12708    x$fpl$fnaninf       /Library/Application Support/Mbed Studio/mbed-studio-tools/ac6/bin/../lib/armlib/fz_wv.l(fnaninf.o)
    0x0800f77c   0x0000001a   Code   RO        12928    x$fpl$fpinit        /Library/Application Support/Mbed Studio/mbed-studio-tools/ac6/bin/../lib/armlib/fz_wv.l(fpinit.o)
    0x0800f796   0x00000006   Code   RO        13015    x$fpl$ieeestatus    /Library/Application Support/Mbed Studio/mbed-studio-tools/ac6/bin/../lib/armlib/fz_wv.l(istatus.o)
    0x0800f79c   0x0000005c   Code   RO        12163    x$fpl$llufromf      /Library/Application Support/Mbed Studio/mbed-studio-tools/ac6/bin/../lib/armlib/fz_wv.l(ffixull.o)
    0x0800f7f8   0x00000004   Code   RO        12710    x$fpl$printf1       /Library/Application Support/Mbed Studio/mbed-studio-tools/ac6/bin/../lib/armlib/fz_wv.l(printf1.o)
    0x0800f7fc   0x00000004   Code   RO        12712    x$fpl$printf2       /Library/Application Support/Mbed Studio/mbed-studio-tools/ac6/bin/../lib/armlib/fz_wv.l(printf2.o)
    0x0800f800   0x00000064   Code   RO        13093    x$fpl$retnan        /Library/Application Support/Mbed Studio/mbed-studio-tools/ac6/bin/../lib/armlib/fz_wv.l(retnan.o)
    0x0800f864   0x0000005c   Code   RO        13075    x$fpl$scalbn        /Library/Application Support/Mbed Studio/mbed-studio-tools/ac6/bin/../lib/armlib/fz_wv.l(scalbn.o)
    0x0800f8c0   0x00000004   Code   RO        12718    x$fpl$scanf1        /Library/Application Support/Mbed Studio/mbed-studio-tools/ac6/bin/../lib/armlib/fz_wv.l(scanf1.o)
    0x0800f8c4   0x00000008   Code   RO        13017    x$fpl$scanf2        /Library/Application Support/Mbed Studio/mbed-studio-tools/ac6/bin/../lib/armlib/fz_wv.l(scanf2.o)
    0x0800f8cc   0x00000030   Code   RO        13095    x$fpl$trapveneer    /Library/Application Support/Mbed Studio/mbed-studio-tools/ac6/bin/../lib/armlib/fz_wv.l(trapv.o)
    0x0800f8fc   0x00000000   Code   RO        12720    x$fpl$usenofp       /Library/Application Support/Mbed Studio/mbed-studio-tools/ac6/bin/../lib/armlib/fz_wv.l(usenofp.o)
    0x0800f8fc   0x00000028   Data   RO        12044    .constdata          /Library/Application Support/Mbed Studio/mbed-studio-tools/ac6/bin/../lib/armlib/c_w.l(_printf_hex_int_ll_ptr.o)
    0x0800f924   0x00000011   Data   RO        12064    .constdata          /Library/Application Support/Mbed Studio/mbed-studio-tools/ac6/bin/../lib/armlib/c_w.l(__printf_flags_ss_wp.o)
    0x0800f935   0x00000003   PAD
    0x0800f938   0x00000008   Data   RO        12543    .constdata          /Library/Application Support/Mbed Studio/mbed-studio-tools/ac6/bin/../lib/armlib/c_w.l(_printf_wctomb.o)
    0x0800f940   0x00000026   Data   RO        12813    .constdata          /Library/Application Support/Mbed Studio/mbed-studio-tools/ac6/bin/../lib/armlib/c_w.l(_printf_fp_hex.o)
    0x0800f966   0x00000002   PAD
    0x0800f968   0x00000094   Data   RO        12952    .constdata          /Library/Application Support/Mbed Studio/mbed-studio-tools/ac6/bin/../lib/armlib/c_w.l(bigflt0.o)
    0x0800f9fc   0x00000000   Data   RO         4513    .rodata             BUILD/NUCLEO_H743ZI2/ARMC6/mbed-os/platform/source/mbed_sdk_boot.o
    0x0800f9fc   0x0000002c   Data   RO         9438    .rodata..Lswitch.table.UART_SetConfig  BUILD/NUCLEO_H743ZI2/ARMC6/mbed-os/targets/TARGET_STM/TARGET_STM32H7/device/stm32h7xx_hal_uart.o
    0x0800fa28   0x0000002c   Data   RO         9439    .rodata..Lswitch.table.UART_SetConfig.1  BUILD/NUCLEO_H743ZI2/ARMC6/mbed-os/targets/TARGET_STM/TARGET_STM32H7/device/stm32h7xx_hal_uart.o
    0x0800fa54   0x0000002c   Data   RO         9448    .rodata..Lswitch.table.UART_SetConfig.10  BUILD/NUCLEO_H743ZI2/ARMC6/mbed-os/targets/TARGET_STM/TARGET_STM32H7/device/stm32h7xx_hal_uart.o
    0x0800fa80   0x0000002c   Data   RO         9449    .rodata..Lswitch.table.UART_SetConfig.11  BUILD/NUCLEO_H743ZI2/ARMC6/mbed-os/targets/TARGET_STM/TARGET_STM32H7/device/stm32h7xx_hal_uart.o
    0x0800faac   0x0000002c   Data   RO         9450    .rodata..Lswitch.table.UART_SetConfig.12  BUILD/NUCLEO_H743ZI2/ARMC6/mbed-os/targets/TARGET_STM/TARGET_STM32H7/device/stm32h7xx_hal_uart.o
    0x0800fad8   0x0000002c   Data   RO         9451    .rodata..Lswitch.table.UART_SetConfig.13  BUILD/NUCLEO_H743ZI2/ARMC6/mbed-os/targets/TARGET_STM/TARGET_STM32H7/device/stm32h7xx_hal_uart.o
    0x0800fb04   0x0000002c   Data   RO         9452    .rodata..Lswitch.table.UART_SetConfig.14  BUILD/NUCLEO_H743ZI2/ARMC6/mbed-os/targets/TARGET_STM/TARGET_STM32H7/device/stm32h7xx_hal_uart.o
    0x0800fb30   0x0000002c   Data   RO         9453    .rodata..Lswitch.table.UART_SetConfig.15  BUILD/NUCLEO_H743ZI2/ARMC6/mbed-os/targets/TARGET_STM/TARGET_STM32H7/device/stm32h7xx_hal_uart.o
    0x0800fb5c   0x0000002c   Data   RO         9454    .rodata..Lswitch.table.UART_SetConfig.16  BUILD/NUCLEO_H743ZI2/ARMC6/mbed-os/targets/TARGET_STM/TARGET_STM32H7/device/stm32h7xx_hal_uart.o
    0x0800fb88   0x0000002c   Data   RO         9455    .rodata..Lswitch.table.UART_SetConfig.17  BUILD/NUCLEO_H743ZI2/ARMC6/mbed-os/targets/TARGET_STM/TARGET_STM32H7/device/stm32h7xx_hal_uart.o
    0x0800fbb4   0x0000002c   Data   RO         9456    .rodata..Lswitch.table.UART_SetConfig.18  BUILD/NUCLEO_H743ZI2/ARMC6/mbed-os/targets/TARGET_STM/TARGET_STM32H7/device/stm32h7xx_hal_uart.o
    0x0800fbe0   0x0000002c   Data   RO         9457    .rodata..Lswitch.table.UART_SetConfig.19  BUILD/NUCLEO_H743ZI2/ARMC6/mbed-os/targets/TARGET_STM/TARGET_STM32H7/device/stm32h7xx_hal_uart.o
    0x0800fc0c   0x0000002c   Data   RO         9440    .rodata..Lswitch.table.UART_SetConfig.2  BUILD/NUCLEO_H743ZI2/ARMC6/mbed-os/targets/TARGET_STM/TARGET_STM32H7/device/stm32h7xx_hal_uart.o
    0x0800fc38   0x0000002c   Data   RO         9458    .rodata..Lswitch.table.UART_SetConfig.20  BUILD/NUCLEO_H743ZI2/ARMC6/mbed-os/targets/TARGET_STM/TARGET_STM32H7/device/stm32h7xx_hal_uart.o
    0x0800fc64   0x0000002c   Data   RO         9459    .rodata..Lswitch.table.UART_SetConfig.21  BUILD/NUCLEO_H743ZI2/ARMC6/mbed-os/targets/TARGET_STM/TARGET_STM32H7/device/stm32h7xx_hal_uart.o
    0x0800fc90   0x0000002c   Data   RO         9460    .rodata..Lswitch.table.UART_SetConfig.22  BUILD/NUCLEO_H743ZI2/ARMC6/mbed-os/targets/TARGET_STM/TARGET_STM32H7/device/stm32h7xx_hal_uart.o
    0x0800fcbc   0x0000002c   Data   RO         9461    .rodata..Lswitch.table.UART_SetConfig.23  BUILD/NUCLEO_H743ZI2/ARMC6/mbed-os/targets/TARGET_STM/TARGET_STM32H7/device/stm32h7xx_hal_uart.o
    0x0800fce8   0x0000002c   Data   RO         9462    .rodata..Lswitch.table.UART_SetConfig.24  BUILD/NUCLEO_H743ZI2/ARMC6/mbed-os/targets/TARGET_STM/TARGET_STM32H7/device/stm32h7xx_hal_uart.o
    0x0800fd14   0x0000002c   Data   RO         9463    .rodata..Lswitch.table.UART_SetConfig.25  BUILD/NUCLEO_H743ZI2/ARMC6/mbed-os/targets/TARGET_STM/TARGET_STM32H7/device/stm32h7xx_hal_uart.o
    0x0800fd40   0x0000002c   Data   RO         9464    .rodata..Lswitch.table.UART_SetConfig.27  BUILD/NUCLEO_H743ZI2/ARMC6/mbed-os/targets/TARGET_STM/TARGET_STM32H7/device/stm32h7xx_hal_uart.o
    0x0800fd6c   0x0000002c   Data   RO         9441    .rodata..Lswitch.table.UART_SetConfig.3  BUILD/NUCLEO_H743ZI2/ARMC6/mbed-os/targets/TARGET_STM/TARGET_STM32H7/device/stm32h7xx_hal_uart.o
    0x0800fd98   0x0000002c   Data   RO         9442    .rodata..Lswitch.table.UART_SetConfig.4  BUILD/NUCLEO_H743ZI2/ARMC6/mbed-os/targets/TARGET_STM/TARGET_STM32H7/device/stm32h7xx_hal_uart.o
    0x0800fdc4   0x0000002c   Data   RO         9443    .rodata..Lswitch.table.UART_SetConfig.5  BUILD/NUCLEO_H743ZI2/ARMC6/mbed-os/targets/TARGET_STM/TARGET_STM32H7/device/stm32h7xx_hal_uart.o
    0x0800fdf0   0x0000002c   Data   RO         9444    .rodata..Lswitch.table.UART_SetConfig.6  BUILD/NUCLEO_H743ZI2/ARMC6/mbed-os/targets/TARGET_STM/TARGET_STM32H7/device/stm32h7xx_hal_uart.o
    0x0800fe1c   0x0000002c   Data   RO         9445    .rodata..Lswitch.table.UART_SetConfig.7  BUILD/NUCLEO_H743ZI2/ARMC6/mbed-os/targets/TARGET_STM/TARGET_STM32H7/device/stm32h7xx_hal_uart.o
    0x0800fe48   0x0000002c   Data   RO         9446    .rodata..Lswitch.table.UART_SetConfig.8  BUILD/NUCLEO_H743ZI2/ARMC6/mbed-os/targets/TARGET_STM/TARGET_STM32H7/device/stm32h7xx_hal_uart.o
    0x0800fe74   0x0000002c   Data   RO         9447    .rodata..Lswitch.table.UART_SetConfig.9  BUILD/NUCLEO_H743ZI2/ARMC6/mbed-os/targets/TARGET_STM/TARGET_STM32H7/device/stm32h7xx_hal_uart.o
    0x0800fea0   0x00000010   Data   RO         4659    .rodata.D1CorePrescTable  BUILD/NUCLEO_H743ZI2/ARMC6/mbed-os/targets/TARGET_STM/TARGET_STM32H7/TARGET_STM32H743xI/device/system_stm32h7xx.o
    0x0800feb0   0x00000078   Data   RO         4611    .rodata.PinMap_I2C_SCL  BUILD/NUCLEO_H743ZI2/ARMC6/mbed-os/targets/TARGET_STM/TARGET_STM32H7/TARGET_STM32H743xI/TARGET_NUCLEO_H743ZI2/PeripheralPins.o
    0x0800ff28   0x00000078   Data   RO         4610    .rodata.PinMap_I2C_SDA  BUILD/NUCLEO_H743ZI2/ARMC6/mbed-os/targets/TARGET_STM/TARGET_STM32H7/TARGET_STM32H743xI/TARGET_NUCLEO_H743ZI2/PeripheralPins.o
    0x0800ffa0   0x00000138   Data   RO         4614    .rodata.PinMap_UART_RX  BUILD/NUCLEO_H743ZI2/ARMC6/mbed-os/targets/TARGET_STM/TARGET_STM32H7/TARGET_STM32H743xI/TARGET_NUCLEO_H743ZI2/PeripheralPins.o
    0x080100d8   0x00000138   Data   RO         4613    .rodata.PinMap_UART_TX  BUILD/NUCLEO_H743ZI2/ARMC6/mbed-os/targets/TARGET_STM/TARGET_STM32H7/TARGET_STM32H743xI/TARGET_NUCLEO_H743ZI2/PeripheralPins.o
    0x08010210   0x000002a4   Data   RO          398    .rodata._ZL11Terminal6x8  BUILD/NUCLEO_H743ZI2/ARMC6/dependencies/libs/UniGraphic/Graphics/GraphicsDisplay.o
    0x080104b4   0x0000009c   Data   RO          429    .rodata._ZTV11TextDisplay  BUILD/NUCLEO_H743ZI2/ARMC6/dependencies/libs/UniGraphic/Graphics/TextDisplay.o
    0x08010550   0x0000005c   Data   RO         4437    .rodata._ZTV12DirectSerial  BUILD/NUCLEO_H743ZI2/ARMC6/mbed-os/platform/source/mbed_retarget.o
    0x080105ac   0x000000cc   Data   RO          397    .rodata._ZTV15GraphicsDisplay  BUILD/NUCLEO_H743ZI2/ARMC6/dependencies/libs/UniGraphic/Graphics/GraphicsDisplay.o
    0x08010678   0x000000e8   Data   RO          149    .rodata._ZTV3LCD    BUILD/NUCLEO_H743ZI2/ARMC6/dependencies/libs/UniGraphic/Display/LCD.o
    0x08010760   0x000000e8   Data   RO          664    .rodata._ZTV6SH1106  BUILD/NUCLEO_H743ZI2/ARMC6/dependencies/libs/UniGraphic/Inits/SH1106.o
    0x08010848   0x00000048   Data   RO          968    .rodata._ZTV7I2C_bus  BUILD/NUCLEO_H743ZI2/ARMC6/dependencies/libs/UniGraphic/Protocols/I2C_bus.o
    0x08010890   0x00000048   Data   RO          885    .rodata._ZTV9Protocols  BUILD/NUCLEO_H743ZI2/ARMC6/dependencies/libs/UniGraphic/Protocols/BUS16.o
    0x080108d8   0x0000005c   Data   RO         3569    .rodata._ZTVN4mbed10FileHandleE  BUILD/NUCLEO_H743ZI2/ARMC6/mbed-os/platform/source/FileHandle.o
    0x08010934   0x00000018   Data   RO         2254    .rodata._ZTVN4mbed10SerialBaseE  BUILD/NUCLEO_H743ZI2/ARMC6/mbed-os/drivers/source/SerialBase.o
    0x0801094c   0x00000014   Data   RO         2364    .rodata._ZTVN4mbed10TimerEventE  BUILD/NUCLEO_H743ZI2/ARMC6/mbed-os/drivers/source/TimerEvent.o
    0x08010960   0x00000010   Data   RO         1752    .rodata._ZTVN4mbed11InterruptInE  BUILD/NUCLEO_H743ZI2/ARMC6/mbed-os/drivers/source/InterruptIn.o
    0x08010970   0x00000018   Data   RO         1644    .rodata._ZTVN4mbed3I2CE  BUILD/NUCLEO_H743ZI2/ARMC6/mbed-os/drivers/source/I2C.o
    0x08010988   0x0000009c   Data   RO         2187    .rodata._ZTVN4mbed6SerialE  BUILD/NUCLEO_H743ZI2/ARMC6/mbed-os/drivers/source/Serial.o
    0x08010a24   0x0000007c   Data   RO         3679    .rodata._ZTVN4mbed6StreamE  BUILD/NUCLEO_H743ZI2/ARMC6/mbed-os/platform/source/Stream.o
    0x08010aa0   0x00000014   Data   RO         2292    .rodata._ZTVN4mbed6TickerE  BUILD/NUCLEO_H743ZI2/ARMC6/mbed-os/drivers/source/Ticker.o
    0x08010ab4   0x00000014   Data   RO         2305    .rodata._ZTVN4mbed7TimeoutE  BUILD/NUCLEO_H743ZI2/ARMC6/mbed-os/drivers/source/Timeout.o
    0x08010ac8   0x00000010   Data   RO         3558    .rodata._ZTVN4mbed8FileBaseE  BUILD/NUCLEO_H743ZI2/ARMC6/mbed-os/platform/source/FileBase.o
    0x08010ad8   0x0000006c   Data   RO         3697    .rodata._ZTVN4mbed8FileLikeE  BUILD/NUCLEO_H743ZI2/ARMC6/mbed-os/platform/source/Stream.o
    0x08010b44   0x00000014   Data   RO         3853    .rodata._ZTVN4mbed8internal8SysTimerILj1000ELb1EEE  BUILD/NUCLEO_H743ZI2/ARMC6/mbed-os/platform/source/SysTimer.o
    0x08010b58   0x00000018   Data   RO         4446    .rodata._ZZL15default_consolevE14console_pinmap  BUILD/NUCLEO_H743ZI2/ARMC6/mbed-os/platform/source/mbed_retarget.o
    0x08010b70   0x0000000c   Data   RO         1694    .rodata._ZZN4mbed8CallbackIFviEE8generateIPS1_EEvRKT_E3ops  BUILD/NUCLEO_H743ZI2/ARMC6/mbed-os/drivers/source/I2C.o
    0x08010b7c   0x0000000c   Data   RO           86    .rodata._ZZN4mbed8CallbackIFvvEE8generateINS2_14method_contextI10ultrasonicMS5_FvvEEEEEvRKT_E3ops  BUILD/NUCLEO_H743ZI2/ARMC6/dependencies/libs/HC_SR04_Ultrasonic_Library/ultrasonic.o
    0x08010b88   0x0000000c   Data   RO           87    .rodata._ZZN4mbed8CallbackIFvvEE8generateIPS1_EEvRKT_E3ops  BUILD/NUCLEO_H743ZI2/ARMC6/dependencies/libs/HC_SR04_Ultrasonic_Library/ultrasonic.o
    0x08010b94   0x00000008   Data   RO         4434    .rodata.__stderr_name  BUILD/NUCLEO_H743ZI2/ARMC6/mbed-os/platform/source/mbed_retarget.o
    0x08010b9c   0x00000007   Data   RO         4432    .rodata.__stdin_name  BUILD/NUCLEO_H743ZI2/ARMC6/mbed-os/platform/source/mbed_retarget.o
    0x08010ba3   0x00000008   Data   RO         4433    .rodata.__stdout_name  BUILD/NUCLEO_H743ZI2/ARMC6/mbed-os/platform/source/mbed_retarget.o
    0x08010bab   0x00000001   PAD
    0x08010bac   0x00000040   Data   RO        11581    .rodata.ll_pin_defines  BUILD/NUCLEO_H743ZI2/ARMC6/mbed-os/targets/TARGET_STM/pinmap.o
    0x08010bec   0x00000008   Data   RO         3192    .rodata.lp_data     BUILD/NUCLEO_H743ZI2/ARMC6/mbed-os/hal/mbed_lp_ticker_api.o
    0x08010bf4   0x00000024   Data   RO         3194    .rodata.lp_interface  BUILD/NUCLEO_H743ZI2/ARMC6/mbed-os/hal/mbed_lp_ticker_api.o
    0x08010c18   0x00000008   Data   RO        11508    .rodata.lp_ticker_get_info.info  BUILD/NUCLEO_H743ZI2/ARMC6/mbed-os/targets/TARGET_STM/lp_ticker.o
    0x08010c20   0x00000004   Data   RO         3866    .rodata.mbed_fault_context  BUILD/NUCLEO_H743ZI2/ARMC6/mbed-os/platform/source/TARGET_CORTEX_M/mbed_fault_handler.o
    0x08010c24   0x000000c0   Data   RO        11111    .rodata.pin_lines_desc  BUILD/NUCLEO_H743ZI2/ARMC6/mbed-os/targets/TARGET_STM/TARGET_STM32H7/gpio_irq_device.o
    0x08010ce4   0x00000056   Data   RO          430    .rodata.str1.1      BUILD/NUCLEO_H743ZI2/ARMC6/dependencies/libs/UniGraphic/Graphics/TextDisplay.o
    0x08010d3a   0x00000054   Data   RO         1260    .rodata.str1.1      BUILD/NUCLEO_H743ZI2/ARMC6/main.o
    0x08010d8e   0x00000045   Data   RO         2076    .rodata.str1.1      BUILD/NUCLEO_H743ZI2/ARMC6/mbed-os/drivers/source/SPI.o
    0x08010dd3   0x0000004e   Data   RO         3699    .rodata.str1.1      BUILD/NUCLEO_H743ZI2/ARMC6/mbed-os/platform/source/SysTimer.o
    0x08010e21   0x000000e0   Data   RO         3867    .rodata.str1.1      BUILD/NUCLEO_H743ZI2/ARMC6/mbed-os/platform/source/TARGET_CORTEX_M/mbed_fault_handler.o
    0x08010f01   0x000000f3   Data   RO         4098    .rodata.str1.1      BUILD/NUCLEO_H743ZI2/ARMC6/mbed-os/platform/source/mbed_error.o
    0x08010ff4   0x00000063   Data   RO         4440    .rodata.str1.1      BUILD/NUCLEO_H743ZI2/ARMC6/mbed-os/platform/source/mbed_retarget.o
    0x08011057   0x0000004d   Data   RO        11471    .rodata.str1.1      BUILD/NUCLEO_H743ZI2/ARMC6/mbed-os/targets/TARGET_STM/i2c_api.o
    0x080110a4   0x00000039   Data   RO        11582    .rodata.str1.1      BUILD/NUCLEO_H743ZI2/ARMC6/mbed-os/targets/TARGET_STM/pinmap.o
    0x080110dd   0x0000002a   Data   RO        11725    .rodata.str1.1      BUILD/NUCLEO_H743ZI2/ARMC6/mbed-os/targets/TARGET_STM/serial_api.o
    0x08011107   0x00000004   Data   RO        12248    .rodata.str1.1      /Library/Application Support/Mbed Studio/mbed-studio-tools/ac6/bin/../lib/libcxx/libcpp_w.l(string.cpp.o)
    0x0801110b   0x00000001   PAD
    0x0801110c   0x00000008   Data   RO         3308    .rodata.us_data     BUILD/NUCLEO_H743ZI2/ARMC6/mbed-os/hal/mbed_us_ticker_api.o
    0x08011114   0x00000024   Data   RO         3310    .rodata.us_interface  BUILD/NUCLEO_H743ZI2/ARMC6/mbed-os/hal/mbed_us_ticker_api.o
    0x08011138   0x00000008   Data   RO        11891    .rodata.us_ticker_get_info.info  BUILD/NUCLEO_H743ZI2/ARMC6/mbed-os/targets/TARGET_STM/us_ticker.o
    0x08011140   0x00000020   Data   RO        13097    Region$$Table       anon$$obj.o
    0x08011160   0x00000008   Data   RO        13011    c$$dinf             /Library/Application Support/Mbed Studio/mbed-studio-tools/ac6/bin/../lib/armlib/fz_wv.l(fpconst.o)
    0x08011168   0x00000008   Data   RO        13014    c$$dmax             /Library/Application Support/Mbed Studio/mbed-studio-tools/ac6/bin/../lib/armlib/fz_wv.l(fpconst.o)
    0x08011170   0x00000110   Data   RO        12983    locale$$data        /Library/Application Support/Mbed Studio/mbed-studio-tools/ac6/bin/../lib/armlib/c_w.l(lc_ctype_c.o)
    0x08011280   0x0000001c   Data   RO        12986    locale$$data        /Library/Application Support/Mbed Studio/mbed-studio-tools/ac6/bin/../lib/armlib/c_w.l(lc_numeric_c.o)
    0x0801129c   0x00000004   Data   RO         1206    .init_array         BUILD/NUCLEO_H743ZI2/ARMC6/dependencies/modules/serial_com/serial_com.o
    0x080112a0   0x00000004   Data   RO         1263    .init_array         BUILD/NUCLEO_H743ZI2/ARMC6/main.o
    0x080112a4   0x00000000   Data   RO        12158    .init_array         /Library/Application Support/Mbed Studio/mbed-studio-tools/ac6/bin/../lib/armlib/c_w.l(init_aeabi.o)


    Execution Region RW_m_crash_data (Base: 0x20000298, Size: 0x00000100, Max: 0x00000100, ABSOLUTE)

    Base Addr    Size         Type   Attr      Idx    E Section Name        Object

    0x20000298   0x00000100   Zero   RW            1    RW_m_crash_data.bss  anon$$obj.o


    Execution Region RW_IRAM1 (Base: 0x24000000, Size: 0x00000f98, Max: 0x0007f000, ABSOLUTE)

    Base Addr    Size         Type   Attr      Idx    E Section Name        Object

    0x24000000   0x00000004   Data   RW        12109    .data               /Library/Application Support/Mbed Studio/mbed-studio-tools/ac6/bin/../lib/armlib/c_w.l(stdio_streams.o)
    0x24000004   0x00000004   Data   RW        12110    .data               /Library/Application Support/Mbed Studio/mbed-studio-tools/ac6/bin/../lib/armlib/c_w.l(stdio_streams.o)
    0x24000008   0x00000004   Data   RW        12111    .data               /Library/Application Support/Mbed Studio/mbed-studio-tools/ac6/bin/../lib/armlib/c_w.l(stdio_streams.o)
    0x2400000c   0x00000004   Data   RW         4657    .data.SystemD1Clock  BUILD/NUCLEO_H743ZI2/ARMC6/mbed-os/targets/TARGET_STM/TARGET_STM32H7/TARGET_STM32H743xI/device/system_stm32h7xx.o
    0x24000010   0x00000004   Data   RW         4658    .data.SystemD2Clock  BUILD/NUCLEO_H743ZI2/ARMC6/mbed-os/targets/TARGET_STM/TARGET_STM32H7/TARGET_STM32H743xI/device/system_stm32h7xx.o
    0x24000014   0x00000040   Data   RW         4445    .data._ZL11filehandles  BUILD/NUCLEO_H743ZI2/ARMC6/mbed-os/platform/source/mbed_retarget.o
    0x24000054   0x00000004   Data   RW         3193    .data.irq_handler   BUILD/NUCLEO_H743ZI2/ARMC6/mbed-os/hal/mbed_lp_ticker_api.o
    0x24000058   0x00000004   Data   RW         3309    .data.irq_handler   BUILD/NUCLEO_H743ZI2/ARMC6/mbed-os/hal/mbed_us_ticker_api.o
    0x2400005c   0x00000004   Data   RW         4806    .data.uwTickPrio    BUILD/NUCLEO_H743ZI2/ARMC6/mbed-os/targets/TARGET_STM/TARGET_STM32H7/device/stm32h7xx_hal.o
    0x24000060   0x00000004   Zero   RW        11929    .bss                /Library/Application Support/Mbed Studio/mbed-studio-tools/ac6/bin/../lib/armlib/c_w.l(rt_errno_addr.o)
    0x24000064   0x00000054   Zero   RW        12106    .bss                /Library/Application Support/Mbed Studio/mbed-studio-tools/ac6/bin/../lib/armlib/c_w.l(stdio_streams.o)
    0x240000b8   0x00000054   Zero   RW        12107    .bss                /Library/Application Support/Mbed Studio/mbed-studio-tools/ac6/bin/../lib/armlib/c_w.l(stdio_streams.o)
    0x2400010c   0x00000054   Zero   RW        12108    .bss                /Library/Application Support/Mbed Studio/mbed-studio-tools/ac6/bin/../lib/armlib/c_w.l(stdio_streams.o)
    0x24000160   0x00000004   Zero   RW        12490    .bss                /Library/Application Support/Mbed Studio/mbed-studio-tools/ac6/bin/../lib/armlib/c_w.l(rt_heap_descriptor.o)
    0x24000164   0x00000014   Zero   RW        12931    .bss                /Library/Application Support/Mbed Studio/mbed-studio-tools/ac6/bin/../lib/armlib/c_w.l(rt_locale.o)
    0x24000178   0x00000001   Zero   RW        11516    .bss.LPTICKER_inited  BUILD/NUCLEO_H743ZI2/ARMC6/mbed-os/targets/TARGET_STM/lp_ticker.o
    0x24000179   0x00000003   PAD
    0x2400017c   0x00000038   Zero   RW        11517    .bss.LptimHandle    BUILD/NUCLEO_H743ZI2/ARMC6/mbed-os/targets/TARGET_STM/lp_ticker.o
    0x240001b4   0x00000040   Zero   RW        11892    .bss.TimMasterHandle  BUILD/NUCLEO_H743ZI2/ARMC6/mbed-os/targets/TARGET_STM/us_ticker.o
    0x240001f4   0x00000004   Zero   RW         4448    .bss._ZGVZL15default_consolevE7console  BUILD/NUCLEO_H743ZI2/ARMC6/mbed-os/platform/source/mbed_retarget.o
    0x240001f8   0x00000004   Zero   RW         1202    .bss._ZL11indexBuffer  BUILD/NUCLEO_H743ZI2/ARMC6/dependencies/modules/serial_com/serial_com.o
    0x240001fc   0x00000008   Zero   RW         4444    .bss._ZL16filehandle_mutex  BUILD/NUCLEO_H743ZI2/ARMC6/mbed-os/platform/source/mbed_retarget.o
    0x24000204   0x00000032   Zero   RW         1203    .bss._ZL6buffer     BUILD/NUCLEO_H743ZI2/ARMC6/dependencies/modules/serial_com/serial_com.o
    0x24000236   0x00000002   PAD
    0x24000238   0x00000004   Zero   RW         1204    .bss._ZL8varTempA   BUILD/NUCLEO_H743ZI2/ARMC6/dependencies/modules/serial_com/serial_com.o
    0x2400023c   0x00000004   Zero   RW         1205    .bss._ZL8varTempO   BUILD/NUCLEO_H743ZI2/ARMC6/dependencies/modules/serial_com/serial_com.o
    0x24000240   0x00000032   Zero   RW         1201    .bss._ZL9auxBuffer  BUILD/NUCLEO_H743ZI2/ARMC6/dependencies/modules/serial_com/serial_com.o
    0x24000272   0x00000002   PAD
    0x24000274   0x00000004   Zero   RW         3438    .bss._ZN10CThunkBase17_cthunk_free_realE  BUILD/NUCLEO_H743ZI2/ARMC6/mbed-os/platform/source/CThunkBase.o
    0x24000278   0x00000008   Zero   RW         1643    .bss._ZN4mbed3I2C6_mutexE  BUILD/NUCLEO_H743ZI2/ARMC6/mbed-os/drivers/source/I2C.o
    0x24000280   0x00000004   Zero   RW         1642    .bss._ZN4mbed3I2C6_ownerE  BUILD/NUCLEO_H743ZI2/ARMC6/mbed-os/drivers/source/I2C.o
    0x24000284   0x00000004   Zero   RW         3555    .bss._ZN4mbed8FileBase5_headE  BUILD/NUCLEO_H743ZI2/ARMC6/mbed-os/platform/source/FileBase.o
    0x24000288   0x00000008   Zero   RW         3556    .bss._ZN4mbed8FileBase6_mutexE  BUILD/NUCLEO_H743ZI2/ARMC6/mbed-os/platform/source/FileBase.o
    0x24000290   0x00000004   Zero   RW         3557    .bss._ZN4mbed8FileBase8_defaultE  BUILD/NUCLEO_H743ZI2/ARMC6/mbed-os/platform/source/FileBase.o
    0x24000294   0x00000004   PAD
    0x24000298   0x00000038   Zero   RW         4192    .bss._ZN4mbed8internal12_GLOBAL__N_113os_timer_dataE  BUILD/NUCLEO_H743ZI2/ARMC6/mbed-os/platform/source/mbed_os_timer.o
    0x240002d0   0x00000004   Zero   RW         4191    .bss._ZN4mbed8internal8os_timerE  BUILD/NUCLEO_H743ZI2/ARMC6/mbed-os/platform/source/mbed_os_timer.o
    0x240002d4   0x00000004   Zero   RW         4447    .bss._ZZL15default_consolevE7console  BUILD/NUCLEO_H743ZI2/ARMC6/mbed-os/platform/source/mbed_retarget.o
    0x240002d8   0x00000008   Zero   RW        11273    .bss.can_irq_ids    BUILD/NUCLEO_H743ZI2/ARMC6/mbed-os/targets/TARGET_STM/can_api.o
    0x240002e0   0x00000214   Zero   RW        11352    .bss.channels       BUILD/NUCLEO_H743ZI2/ARMC6/mbed-os/targets/TARGET_STM/gpio_irq_api.o
    0x240004f4   0x00000001   Zero   RW         3133    .bss.critical_interrupts_enabled  BUILD/NUCLEO_H743ZI2/ARMC6/mbed-os/hal/mbed_critical_section_api.o
    0x240004f5   0x00000003   PAD
    0x240004f8   0x00000004   Zero   RW         4042    .bss.critical_section_reentrancy_counter  BUILD/NUCLEO_H743ZI2/ARMC6/mbed-os/platform/source/mbed_critical.o
    0x240004fc   0x00000002   Zero   RW         4251    .bss.deep_sleep_lock  BUILD/NUCLEO_H743ZI2/ARMC6/mbed-os/platform/source/mbed_power_mgmt.o
    0x240004fe   0x00000002   PAD
    0x24000500   0x00000004   Zero   RW         4095    .bss.error_count    BUILD/NUCLEO_H743ZI2/ARMC6/mbed-os/platform/source/mbed_error.o
    0x24000504   0x00000004   Zero   RW         4096    .bss.error_hook     BUILD/NUCLEO_H743ZI2/ARMC6/mbed-os/platform/source/mbed_error.o
    0x24000508   0x00000040   Zero   RW         3195    .bss.events         BUILD/NUCLEO_H743ZI2/ARMC6/mbed-os/hal/mbed_lp_ticker_api.o
    0x24000548   0x00000040   Zero   RW         3311    .bss.events         BUILD/NUCLEO_H743ZI2/ARMC6/mbed-os/hal/mbed_us_ticker_api.o
    0x24000588   0x00000054   Zero   RW         3865    .bss.fault_context  BUILD/NUCLEO_H743ZI2/ARMC6/mbed-os/platform/source/TARGET_CORTEX_M/mbed_fault_handler.o
    0x240005dc   0x00000034   Zero   RW         4094    .bss.first_error_ctx  BUILD/NUCLEO_H743ZI2/ARMC6/mbed-os/platform/source/mbed_error.o
    0x24000610   0x00000001   Zero   RW        11511    .bss.future_event_flag  BUILD/NUCLEO_H743ZI2/ARMC6/mbed-os/targets/TARGET_STM/lp_ticker.o
    0x24000611   0x00000003   PAD
    0x24000614   0x000000b0   Zero   RW         1258    .bss.gOled2         BUILD/NUCLEO_H743ZI2/ARMC6/main.o
    0x240006c4   0x00000001   Zero   RW         4097    .bss.halt_in_progress  BUILD/NUCLEO_H743ZI2/ARMC6/mbed-os/platform/source/mbed_error.o
    0x240006c5   0x00000003   PAD
    0x240006c8   0x00000014   Zero   RW        11470    .bss.i2c_handles    BUILD/NUCLEO_H743ZI2/ARMC6/mbed-os/targets/TARGET_STM/i2c_api.o
    0x240006dc   0x00000004   Zero   RW        11164    .bss.irq_handler    BUILD/NUCLEO_H743ZI2/ARMC6/mbed-os/targets/TARGET_STM/TARGET_STM32H7/serial_device.o
    0x240006e0   0x00000004   Zero   RW        11272    .bss.irq_handler    BUILD/NUCLEO_H743ZI2/ARMC6/mbed-os/targets/TARGET_STM/can_api.o
    0x240006e4   0x00000004   Zero   RW        11353    .bss.irq_handler    BUILD/NUCLEO_H743ZI2/ARMC6/mbed-os/targets/TARGET_STM/gpio_irq_api.o
    0x240006e8   0x00000034   Zero   RW         4093    .bss.last_error_ctx  BUILD/NUCLEO_H743ZI2/ARMC6/mbed-os/platform/source/mbed_error.o
    0x2400071c   0x0000001c   Zero   RW         1257    .bss.led1           BUILD/NUCLEO_H743ZI2/ARMC6/main.o
    0x24000738   0x000000f0   Zero   RW         1262    .bss.liquidLevel    BUILD/NUCLEO_H743ZI2/ARMC6/main.o
    0x24000828   0x00000001   Zero   RW        11509    .bss.lp_Fired       BUILD/NUCLEO_H743ZI2/ARMC6/mbed-os/targets/TARGET_STM/lp_ticker.o
    0x24000829   0x00000001   Zero   RW        11513    .bss.lp_cmpok       BUILD/NUCLEO_H743ZI2/ARMC6/mbed-os/targets/TARGET_STM/lp_ticker.o
    0x2400082a   0x00000002   PAD
    0x2400082c   0x00000004   Zero   RW        11514    .bss.lp_delayed_counter  BUILD/NUCLEO_H743ZI2/ARMC6/mbed-os/targets/TARGET_STM/lp_ticker.o
    0x24000830   0x00000001   Zero   RW        11510    .bss.lp_delayed_prog  BUILD/NUCLEO_H743ZI2/ARMC6/mbed-os/targets/TARGET_STM/lp_ticker.o
    0x24000831   0x00000001   Zero   RW         4092    .bss.mbed_error_in_progress  BUILD/NUCLEO_H743ZI2/ARMC6/mbed-os/platform/source/mbed_error.o
    0x24000832   0x00000002   PAD
    0x24000834   0x00000004   Zero   RW        11550    .bss.mbed_sdk_inited  BUILD/NUCLEO_H743ZI2/ARMC6/mbed-os/targets/TARGET_STM/mbed_overrides.o
    0x24000838   0x000000f0   Zero   RW         1261    .bss.mu             BUILD/NUCLEO_H743ZI2/ARMC6/main.o
    0x24000928   0x00000098   Zero   RW         1199    .bss.pc             BUILD/NUCLEO_H743ZI2/ARMC6/dependencies/modules/serial_com/serial_com.o
    0x240009c0   0x00000001   Zero   RW        11512    .bss.roll_over_flag  BUILD/NUCLEO_H743ZI2/ARMC6/mbed-os/targets/TARGET_STM/lp_ticker.o
    0x240009c1   0x00000003   PAD
    0x240009c4   0x00000024   Zero   RW        11163    .bss.serial_irq_ids  BUILD/NUCLEO_H743ZI2/ARMC6/mbed-os/targets/TARGET_STM/TARGET_STM32H7/serial_device.o
    0x240009e8   0x00000001   Zero   RW        11515    .bss.sleep_manager_locked  BUILD/NUCLEO_H743ZI2/ARMC6/mbed-os/targets/TARGET_STM/lp_ticker.o
    0x240009e9   0x00000001   Zero   RW         3132    .bss.state_saved    BUILD/NUCLEO_H743ZI2/ARMC6/mbed-os/hal/mbed_critical_section_api.o
    0x240009ea   0x00000002   PAD
    0x240009ec   0x00000024   Zero   RW        11724    .bss.stdio_uart     BUILD/NUCLEO_H743ZI2/ARMC6/mbed-os/targets/TARGET_STM/serial_api.o
    0x24000a10   0x00000004   Zero   RW        11723    .bss.stdio_uart_inited  BUILD/NUCLEO_H743ZI2/ARMC6/mbed-os/targets/TARGET_STM/serial_api.o
    0x24000a14   0x00000098   Zero   RW         1200    .bss.uartComm       BUILD/NUCLEO_H743ZI2/ARMC6/dependencies/modules/serial_com/serial_com.o
    0x24000aac   0x000004ec   Zero   RW        11165    .bss.uart_handlers  BUILD/NUCLEO_H743ZI2/ARMC6/mbed-os/targets/TARGET_STM/TARGET_STM32H7/serial_device.o


    Execution Region ARM_LIB_STACK (Base: 0x2407f000, Size: 0x00001000, Max: 0x00001000, ABSOLUTE)

    Base Addr    Size         Type   Attr      Idx    E Section Name        Object

    0x2407f000   0x00001000   Zero   RW            2    ARM_LIB_STACK.bss   anon$$obj.o


    Execution Region RW_DMARxDscrTab (Base: 0x30040000, Size: 0x00000000, Max: 0x00000060, ABSOLUTE)

    **** No section assigned to this execution region ****


    Execution Region RW_DMATxDscrTab (Base: 0x30040100, Size: 0x00000000, Max: 0x00000140, ABSOLUTE)

    **** No section assigned to this execution region ****


    Execution Region RW_Rx_Buffb (Base: 0x30040400, Size: 0x00000000, Max: 0x00001800, ABSOLUTE)

    **** No section assigned to this execution region ****


    Execution Region RW_Eth_Ram (Base: 0x30044000, Size: 0x00000000, Max: 0x00004000, ABSOLUTE)

    **** No section assigned to this execution region ****


==============================================================================

Image component sizes


      Code (inc. data)   RO Data    RW Data    ZI Data      Debug   

     46642       2708       6655         84       7968    1832135   Object Totals
         0          0         32          0       4352          0   (incl. Generated)
      1934        104          1          0         31          0   (incl. Padding)
     16434        702        577         12        280      16496   Library Totals
        48          4          6          0          0          0   (incl. Padding)

==============================================================================


      Code (inc. data)   RO Data    RW Data    ZI Data      Debug   

     63076       3410       7232         96       8248    1839819   Grand Totals
     63076       3410       7232         96       8248    1839819   ELF Image Totals
     63076       3410       7232         96          0          0   ROM Totals

==============================================================================

    Total RO  Size (Code + RO Data)                70308 (  68.66kB)
    Total RW  Size (RW Data + ZI Data)              8344 (   8.15kB)
    Total ROM Size (Code + RO Data + RW Data)      70404 (  68.75kB)

==============================================================================

